[    0.000000] Linux version 6.12.0-thor_kernel-lil-pengu-gbc21690c9214 (root@ybensell) (gcc (GCC) 14.2.0, GNU ld (GNU Binutils) 2.43.1) #4 SMP PREEMPT_DYNAMIC Thu Nov  7 16:42:43 UTC 2024
[    0.000000] Command line: BOOT_IMAGE=/vmlinuz-6.12-thor_kernel root=/dev/sda2 ro
[    0.000000] BIOS-provided physical RAM map:
[    0.000000] BIOS-e820: [mem 0x0000000000000000-0x000000000009fbff] usable
[    0.000000] BIOS-e820: [mem 0x000000000009fc00-0x000000000009ffff] reserved
[    0.000000] BIOS-e820: [mem 0x00000000000f0000-0x00000000000fffff] reserved
[    0.000000] BIOS-e820: [mem 0x0000000000100000-0x00000000dffeffff] usable
[    0.000000] BIOS-e820: [mem 0x00000000dfff0000-0x00000000dfffffff] ACPI data
[    0.000000] BIOS-e820: [mem 0x00000000fec00000-0x00000000fec00fff] reserved
[    0.000000] BIOS-e820: [mem 0x00000000fee00000-0x00000000fee00fff] reserved
[    0.000000] BIOS-e820: [mem 0x00000000fffc0000-0x00000000ffffffff] reserved
[    0.000000] BIOS-e820: [mem 0x0000000100000000-0x000000014f5fffff] usable
[    0.000000] NX (Execute Disable) protection: active
[    0.000000] APIC: Static calls initialized
[    0.000000] SMBIOS 2.5 present.
[    0.000000] DMI: innotek GmbH VirtualBox/VirtualBox, BIOS VirtualBox 12/01/2006
[    0.000000] DMI: Memory slots populated: 0/0
[    0.000000] Hypervisor detected: KVM
[    0.000000] kvm-clock: Using msrs 4b564d01 and 4b564d00
[    0.000001] kvm-clock: using sched offset of 5363570315 cycles
[    0.000003] clocksource: kvm-clock: mask: 0xffffffffffffffff max_cycles: 0x1cd42e4dffb, max_idle_ns: 881590591483 ns
[    0.000005] tsc: Detected 3311.998 MHz processor
[    0.000627] e820: update [mem 0x00000000-0x00000fff] usable ==> reserved
[    0.000629] e820: remove [mem 0x000a0000-0x000fffff] usable
[    0.000632] last_pfn = 0x14f600 max_arch_pfn = 0x400000000
[    0.000637] MTRRs disabled by BIOS
[    0.000639] x86/PAT: Configuration [0-7]: WB  WC  UC- UC  WB  WP  UC- WT  
[    0.000644] last_pfn = 0xe0000 max_arch_pfn = 0x400000000
[    0.000685] found SMP MP-table at [mem 0x0009fff0-0x0009ffff]
[    0.001016] ACPI: Early table checksum verification disabled
[    0.001019] ACPI: RSDP 0x00000000000E0000 000024 (v02 VBOX  )
[    0.001023] ACPI: XSDT 0x00000000DFFF0030 00003C (v01 VBOX   VBOXXSDT 00000001 ASL  00000061)
[    0.001027] ACPI: FACP 0x00000000DFFF00F0 0000F4 (v04 VBOX   VBOXFACP 00000001 ASL  00000061)
[    0.001031] ACPI: DSDT 0x00000000DFFF0490 002325 (v02 VBOX   VBOXBIOS 00000002 INTL 20120111)
[    0.001034] ACPI: FACS 0x00000000DFFF0200 000040
[    0.001036] ACPI: FACS 0x00000000DFFF0200 000040
[    0.001038] ACPI: APIC 0x00000000DFFF0240 00007C (v02 VBOX   VBOXAPIC 00000001 ASL  00000061)
[    0.001040] ACPI: SSDT 0x00000000DFFF02C0 0001CC (v01 VBOX   VBOXCPUT 00000002 INTL 20120111)
[    0.001042] ACPI: Reserving FACP table memory at [mem 0xdfff00f0-0xdfff01e3]
[    0.001043] ACPI: Reserving DSDT table memory at [mem 0xdfff0490-0xdfff27b4]
[    0.001043] ACPI: Reserving FACS table memory at [mem 0xdfff0200-0xdfff023f]
[    0.001044] ACPI: Reserving FACS table memory at [mem 0xdfff0200-0xdfff023f]
[    0.001044] ACPI: Reserving APIC table memory at [mem 0xdfff0240-0xdfff02bb]
[    0.001045] ACPI: Reserving SSDT table memory at [mem 0xdfff02c0-0xdfff048b]
[    0.001193] No NUMA configuration found
[    0.001194] Faking a node at [mem 0x0000000000000000-0x000000014f5fffff]
[    0.001196] NODE_DATA(0) allocated [mem 0x14f5f8940-0x14f5fbfff]
[    0.001205] Zone ranges:
[    0.001205]   DMA      [mem 0x0000000000001000-0x0000000000ffffff]
[    0.001207]   DMA32    [mem 0x0000000001000000-0x00000000ffffffff]
[    0.001208]   Normal   [mem 0x0000000100000000-0x000000014f5fffff]
[    0.001208] Movable zone start for each node
[    0.001209] Early memory node ranges
[    0.001209]   node   0: [mem 0x0000000000001000-0x000000000009efff]
[    0.001210]   node   0: [mem 0x0000000000100000-0x00000000dffeffff]
[    0.001211]   node   0: [mem 0x0000000100000000-0x000000014f5fffff]
[    0.001212] Initmem setup node 0 [mem 0x0000000000001000-0x000000014f5fffff]
[    0.001473] On node 0, zone DMA: 1 pages in unavailable ranges
[    0.001491] On node 0, zone DMA: 97 pages in unavailable ranges
[    0.016616] On node 0, zone Normal: 16 pages in unavailable ranges
[    0.016642] On node 0, zone Normal: 2560 pages in unavailable ranges
[    0.017012] ACPI: PM-Timer IO Port: 0x4008
[    0.017056] IOAPIC[0]: apic_id 6, version 32, address 0xfec00000, GSI 0-23
[    0.017059] ACPI: INT_SRC_OVR (bus 0 bus_irq 0 global_irq 2 dfl dfl)
[    0.017060] ACPI: INT_SRC_OVR (bus 0 bus_irq 9 global_irq 9 low level)
[    0.017064] ACPI: Using ACPI (MADT) for SMP configuration information
[    0.017068] CPU topo: Max. logical packages:   1
[    0.017069] CPU topo: Max. logical dies:       1
[    0.017069] CPU topo: Max. dies per package:   1
[    0.017072] CPU topo: Max. threads per core:   1
[    0.017073] CPU topo: Num. cores per package:     6
[    0.017073] CPU topo: Num. threads per package:   6
[    0.017073] CPU topo: Allowing 6 present CPUs plus 0 hotplug CPUs
[    0.017090] PM: hibernation: Registered nosave memory: [mem 0x00000000-0x00000fff]
[    0.017092] PM: hibernation: Registered nosave memory: [mem 0x0009f000-0x0009ffff]
[    0.017092] PM: hibernation: Registered nosave memory: [mem 0x000a0000-0x000effff]
[    0.017093] PM: hibernation: Registered nosave memory: [mem 0x000f0000-0x000fffff]
[    0.017093] PM: hibernation: Registered nosave memory: [mem 0xdfff0000-0xdfffffff]
[    0.017094] PM: hibernation: Registered nosave memory: [mem 0xe0000000-0xfebfffff]
[    0.017094] PM: hibernation: Registered nosave memory: [mem 0xfec00000-0xfec00fff]
[    0.017095] PM: hibernation: Registered nosave memory: [mem 0xfec01000-0xfedfffff]
[    0.017095] PM: hibernation: Registered nosave memory: [mem 0xfee00000-0xfee00fff]
[    0.017095] PM: hibernation: Registered nosave memory: [mem 0xfee01000-0xfffbffff]
[    0.017096] PM: hibernation: Registered nosave memory: [mem 0xfffc0000-0xffffffff]
[    0.017097] [mem 0xe0000000-0xfebfffff] available for PCI devices
[    0.017098] Booting paravirtualized kernel on KVM
[    0.017100] clocksource: refined-jiffies: mask: 0xffffffff max_cycles: 0xffffffff, max_idle_ns: 1910969940391419 ns
[    0.021477] setup_percpu: NR_CPUS:64 nr_cpumask_bits:6 nr_cpu_ids:6 nr_node_ids:1
[    0.021796] percpu: Embedded 56 pages/cpu s191832 r8192 d29352 u262144
[    0.021800] pcpu-alloc: s191832 r8192 d29352 u262144 alloc=1*2097152
[    0.021801] pcpu-alloc: [0] 0 1 2 3 4 5 - - 
[    0.021817] Kernel command line: BOOT_IMAGE=/vmlinuz-6.12-thor_kernel root=/dev/sda2 ro
[    0.021837] Unknown kernel command line parameters "BOOT_IMAGE=/vmlinuz-6.12-thor_kernel", will be passed to user space.
[    0.021852] random: crng init done
[    0.023813] Dentry cache hash table entries: 1048576 (order: 11, 8388608 bytes, linear)
[    0.024662] Inode-cache hash table entries: 524288 (order: 10, 4194304 bytes, linear)
[    0.024843] Fallback order for Node 0: 0 
[    0.024847] Built 1 zonelists, mobility grouping on.  Total pages: 1242510
[    0.024848] Policy zone: Normal
[    0.024850] mem auto-init: stack:all(zero), heap alloc:off, heap free:off
[    0.024855] software IO TLB: area num 8.
[    0.048394] SLUB: HWalign=64, Order=0-3, MinObjects=0, CPUs=6, Nodes=1
[    0.048406] Kernel/User page tables isolation: enabled
[    0.049231] Dynamic Preempt: voluntary
[    0.049451] rcu: Preemptible hierarchical RCU implementation.
[    0.049451] rcu: 	RCU event tracing is enabled.
[    0.049452] rcu: 	RCU restricting CPUs from NR_CPUS=64 to nr_cpu_ids=6.
[    0.049453] 	Trampoline variant of Tasks RCU enabled.
[    0.049453] rcu: RCU calculated value of scheduler-enlistment delay is 100 jiffies.
[    0.049454] rcu: Adjusting geometry for rcu_fanout_leaf=16, nr_cpu_ids=6
[    0.049459] RCU Tasks: Setting shift to 3 and lim to 1 rcu_task_cb_adjust=1 rcu_task_cpu_ids=6.
[    0.050536] NR_IRQS: 4352, nr_irqs: 472, preallocated irqs: 16
[    0.050700] rcu: srcu_init: Setting srcu_struct sizes based on contention.
[    0.054864] Console: colour VGA+ 80x25
[    0.054867] printk: legacy console [tty0] enabled
[    0.076273] ACPI: Core revision 20240827
[    0.076496] APIC: Switch to symmetric I/O mode setup
[    0.077471] ..TIMER: vector=0x30 apic1=0 pin1=2 apic2=-1 pin2=-1
[    0.077667] clocksource: tsc-early: mask: 0xffffffffffffffff max_cycles: 0x2fbd924e8de, max_idle_ns: 440795321919 ns
[    0.077970] Calibrating delay loop (skipped) preset value.. 6623.99 BogoMIPS (lpj=3311998)
[    0.078325] Last level iTLB entries: 4KB 64, 2MB 8, 4MB 8
[    0.078492] Last level dTLB entries: 4KB 64, 2MB 0, 4MB 0, 1GB 4
[    0.078674] Spectre V1 : Mitigation: usercopy/swapgs barriers and __user pointer sanitization
[    0.078935] Spectre V2 : Mitigation: Retpolines
[    0.078967] Spectre V2 : Spectre v2 / SpectreRSB mitigation: Filling RSB on context switch
[    0.078967] Spectre V2 : Spectre v2 / SpectreRSB : Filling RSB on VMEXIT
[    0.078967] RETBleed: WARNING: Spectre v2 mitigation leaves CPU vulnerable to RETBleed attacks, data leaks possible!
[    0.078967] RETBleed: Vulnerable
[    0.078967] Speculative Store Bypass: Vulnerable
[    0.078967] MDS: Mitigation: Clear CPU buffers
[    0.078967] MMIO Stale Data: Mitigation: Clear CPU buffers
[    0.078967] SRBDS: Unknown: Dependent on hypervisor status
[    0.078967] GDS: Unknown: Dependent on hypervisor status
[    0.078967] x86/fpu: Supporting XSAVE feature 0x001: 'x87 floating point registers'
[    0.078971] x86/fpu: Supporting XSAVE feature 0x002: 'SSE registers'
[    0.079158] x86/fpu: Supporting XSAVE feature 0x004: 'AVX registers'
[    0.079344] x86/fpu: xstate_offset[2]:  576, xstate_sizes[2]:  256
[    0.079527] x86/fpu: Enabled xstate features 0x7, context size is 832 bytes, using 'standard' format.
[    0.091704] Freeing SMP alternatives memory: 48K
[    0.091869] pid_max: default: 32768 minimum: 301
[    0.091967] LSM: initializing lsm=capability,selinux
[    0.091967] SELinux:  Initializing.
[    0.091967] Mount-cache hash table entries: 16384 (order: 5, 131072 bytes, linear)
[    0.091974] Mountpoint-cache hash table entries: 16384 (order: 5, 131072 bytes, linear)
[    0.193113] APIC calibration not consistent with PM-Timer: 98ms instead of 100ms
[    0.193376] APIC delta adjusted to PM-Timer: 6249965 (6148591)
[    0.193631] smpboot: CPU0: Intel(R) Core(TM) i5-10600 CPU @ 3.30GHz (family: 0x6, model: 0xa5, stepping: 0x3)
[    0.193967] Performance Events: unsupported p6 CPU model 165 no PMU driver, software events only.
[    0.193967] signal: max sigframe size: 1776
[    0.193967] rcu: Hierarchical SRCU implementation.
[    0.193968] rcu: 	Max phase no-delay instances is 400.
[    0.194171] Timer migration: 1 hierarchy levels; 8 children per group; 1 crossnode level
[    0.195073] smp: Bringing up secondary CPUs ...
[    0.195276] smpboot: x86: Booting SMP configuration:
[    0.195442] .... node  #0, CPUs:      #1 #2 #3 #4 #5
[    0.202164] smp: Brought up 1 node, 6 CPUs
[    0.203142] smpboot: Total of 6 processors activated (39743.97 BogoMIPS)
[    0.204036] Memory: 4767572K/4970040K available (18432K kernel code, 2843K rwdata, 7092K rodata, 2700K init, 1024K bss, 197448K reserved, 0K cma-reserved)
[    0.205234] devtmpfs: initialized
[    0.205332] clocksource: jiffies: mask: 0xffffffff max_cycles: 0xffffffff, max_idle_ns: 1911260446275000 ns
[    0.205970] futex hash table entries: 2048 (order: 5, 131072 bytes, linear)
[    0.206232] PM: RTC time: 16:51:45, date: 2024-11-07
[    0.206541] NET: Registered PF_NETLINK/PF_ROUTE protocol family
[    0.206982] audit: initializing netlink subsys (disabled)
[    0.207177] audit: type=2000 audit(1730998512.071:1): state=initialized audit_enabled=0 res=1
[    0.207177] thermal_sys: Registered thermal governor 'step_wise'
[    0.207333] thermal_sys: Registered thermal governor 'user_space'
[    0.207526] cpuidle: using governor menu
[    0.208243] PCI: Using configuration type 1 for base access
[    0.208480] kprobes: kprobe jump-optimization is enabled. All kprobes are optimized if possible.
[    0.212805] HugeTLB: registered 2.00 MiB page size, pre-allocated 0 pages
[    0.212967] HugeTLB: 28 KiB vmemmap can be freed for a 2.00 MiB page
[    0.213238] ACPI: Added _OSI(Module Device)
[    0.213393] ACPI: Added _OSI(Processor Device)
[    0.213552] ACPI: Added _OSI(3.0 _SCP Extensions)
[    0.213710] ACPI: Added _OSI(Processor Aggregator Device)
[    0.214622] ACPI: 2 ACPI AML tables successfully acquired and loaded
[    0.218713] ACPI: Interpreter enabled
[    0.218865] ACPI: PM: (supports S0 S5)
[    0.218968] ACPI: Using IOAPIC for interrupt routing
[    0.219210] PCI: Using host bridge windows from ACPI; if necessary, use "pci=nocrs" and report a bug
[    0.219491] PCI: Using E820 reservations for host bridge windows
[    0.219736] ACPI: Enabled 2 GPEs in block 00 to 07
[    0.224657] ACPI: PCI Root Bridge [PCI0] (domain 0000 [bus 00-ff])
[    0.224971] acpi PNP0A03:00: _OSC: OS supports [ASPM ClockPM Segments MSI HPX-Type3]
[    0.225252] acpi PNP0A03:00: _OSC: not requesting OS control; OS requires [ExtendedConfig ASPM ClockPM MSI]
[    0.225700] acpi PNP0A03:00: fail to add MMCONFIG information, can't access extended configuration space under this bridge
[    0.226063] PCI host bridge to bus 0000:00
[    0.226298] pci_bus 0000:00: root bus resource [io  0x0000-0x0cf7 window]
[    0.226534] pci_bus 0000:00: root bus resource [io  0x0d00-0xffff window]
[    0.226969] pci_bus 0000:00: root bus resource [mem 0x000a0000-0x000bffff window]
[    0.227226] pci_bus 0000:00: root bus resource [mem 0xe0000000-0xfdffffff window]
[    0.227488] pci_bus 0000:00: root bus resource [bus 00-ff]
[    0.227865] pci 0000:00:00.0: [8086:1237] type 00 class 0x060000 conventional PCI endpoint
[    0.228440] pci 0000:00:01.0: [8086:7000] type 00 class 0x060100 conventional PCI endpoint
[    0.229608] pci 0000:00:01.1: [8086:7111] type 00 class 0x01018a conventional PCI endpoint
[    0.230311] pci 0000:00:01.1: BAR 4 [io  0xd000-0xd00f]
[    0.230621] pci 0000:00:01.1: BAR 0 [io  0x01f0-0x01f7]: legacy IDE quirk
[    0.230852] pci 0000:00:01.1: BAR 1 [io  0x03f6]: legacy IDE quirk
[    0.230968] pci 0000:00:01.1: BAR 2 [io  0x0170-0x0177]: legacy IDE quirk
[    0.231172] pci 0000:00:01.1: BAR 3 [io  0x0376]: legacy IDE quirk
[    0.231502] pci 0000:00:02.0: [15ad:0405] type 00 class 0x030000 conventional PCI endpoint
[    0.232967] pci 0000:00:02.0: BAR 0 [io  0xd010-0xd01f]
[    0.233975] pci 0000:00:02.0: BAR 1 [mem 0xe0000000-0xe0ffffff pref]
[    0.234991] pci 0000:00:02.0: BAR 2 [mem 0xf0000000-0xf01fffff]
[    0.237967] pci 0000:00:02.0: Video device with shadowed ROM at [mem 0x000c0000-0x000dffff]
[    0.238391] pci 0000:00:03.0: [8086:100e] type 00 class 0x020000 conventional PCI endpoint
[    0.239967] pci 0000:00:03.0: BAR 0 [mem 0xf0200000-0xf021ffff]
[    0.240967] pci 0000:00:03.0: BAR 2 [io  0xd020-0xd027]
[    0.243389] pci 0000:00:04.0: [80ee:cafe] type 00 class 0x088000 conventional PCI endpoint
[    0.244065] pci 0000:00:04.0: BAR 0 [io  0xd040-0xd05f]
[    0.244967] pci 0000:00:04.0: BAR 1 [mem 0xf0400000-0xf07fffff]
[    0.245967] pci 0000:00:04.0: BAR 2 [mem 0xf0800000-0xf0803fff pref]
[    0.247473] pci 0000:00:05.0: [8086:2415] type 00 class 0x040100 conventional PCI endpoint
[    0.248095] pci 0000:00:05.0: BAR 0 [io  0xd100-0xd1ff]
[    0.248380] pci 0000:00:05.0: BAR 1 [io  0xd200-0xd23f]
[    0.250038] pci 0000:00:06.0: [106b:003f] type 00 class 0x0c0310 conventional PCI endpoint
[    0.250967] pci 0000:00:06.0: BAR 0 [mem 0xf0804000-0xf0804fff]
[    0.254430] pci 0000:00:07.0: [8086:7113] type 00 class 0x068000 conventional PCI endpoint
[    0.255967] pci 0000:00:07.0: quirk: [io  0x4000-0x403f] claimed by PIIX4 ACPI
[    0.255981] pci 0000:00:07.0: quirk: [io  0x4100-0x410f] claimed by PIIX4 SMB
[    0.256978] pci 0000:00:0b.0: [8086:265c] type 00 class 0x0c0320 conventional PCI endpoint
[    0.257980] pci 0000:00:0b.0: BAR 0 [mem 0xf0805000-0xf0805fff]
[    0.261501] pci 0000:00:0d.0: [8086:2829] type 00 class 0x010601 conventional PCI endpoint
[    0.262991] pci 0000:00:0d.0: BAR 0 [io  0xd240-0xd247]
[    0.263967] pci 0000:00:0d.0: BAR 1 [io  0xd248-0xd24b]
[    0.264967] pci 0000:00:0d.0: BAR 2 [io  0xd250-0xd257]
[    0.265080] pci 0000:00:0d.0: BAR 3 [io  0xd258-0xd25b]
[    0.266107] pci 0000:00:0d.0: BAR 4 [io  0xd260-0xd26f]
[    0.267055] pci 0000:00:0d.0: BAR 5 [mem 0xf0806000-0xf0807fff]
[    0.269971] ACPI: PCI: Interrupt link LNKA configured for IRQ 11
[    0.270344] ACPI: PCI: Interrupt link LNKB configured for IRQ 10
[    0.270999] ACPI: PCI: Interrupt link LNKC configured for IRQ 9
[    0.271392] ACPI: PCI: Interrupt link LNKD configured for IRQ 11
[    0.272052] iommu: Default domain type: Translated
[    0.272231] iommu: DMA domain TLB invalidation policy: lazy mode
[    0.272535] SCSI subsystem initialized
[    0.273047] libata version 3.00 loaded.
[    0.273063] ACPI: bus type USB registered
[    0.273243] usbcore: registered new interface driver usbfs
[    0.273999] usbcore: registered new interface driver hub
[    0.274398] usbcore: registered new device driver usb
[    0.275014] pps_core: LinuxPPS API ver. 1 registered
[    0.275271] pps_core: Software ver. 5.3.6 - Copyright 2005-2007 Rodolfo Giometti <giometti@linux.it>
[    0.275601] PTP clock support registered
[    0.276122] Advanced Linux Sound Architecture Driver Initialized.
[    0.277189] NetLabel: Initializing
[    0.277367] NetLabel:  domain hash size = 128
[    0.277567] NetLabel:  protocols = UNLABELED CIPSOv4 CALIPSO
[    0.277985] NetLabel:  unlabeled traffic allowed by default
[    0.279134] PCI: Using ACPI for IRQ routing
[    0.279320] PCI: pci_cache_line_size set to 64 bytes
[    0.279649] e820: reserve RAM buffer [mem 0x0009fc00-0x0009ffff]
[    0.279657] e820: reserve RAM buffer [mem 0xdfff0000-0xdfffffff]
[    0.279659] e820: reserve RAM buffer [mem 0x14f600000-0x14fffffff]
[    0.280024] pci 0000:00:02.0: vgaarb: setting as boot VGA device
[    0.280967] pci 0000:00:02.0: vgaarb: bridge control possible
[    0.280967] pci 0000:00:02.0: vgaarb: VGA device added: decodes=io+mem,owns=io+mem,locks=none
[    0.281992] vgaarb: loaded
[    0.283732] clocksource: Switched to clocksource kvm-clock
[    0.286799] VFS: Disk quotas dquot_6.6.0
[    0.290230] VFS: Dquot-cache hash table entries: 512 (order 0, 4096 bytes)
[    0.290699] pnp: PnP ACPI init
[    0.292265] pnp: PnP ACPI: found 2 devices
[    0.310354] clocksource: acpi_pm: mask: 0xffffff max_cycles: 0xffffff, max_idle_ns: 2085701024 ns
[    0.310699] NET: Registered PF_INET protocol family
[    0.311192] IP idents hash table entries: 131072 (order: 8, 1048576 bytes, linear)
[    0.312422] tcp_listen_portaddr_hash hash table entries: 4096 (order: 4, 65536 bytes, linear)
[    0.312705] Table-perturb hash table entries: 65536 (order: 6, 262144 bytes, linear)
[    0.312966] TCP established hash table entries: 65536 (order: 7, 524288 bytes, linear)
[    0.313235] TCP bind hash table entries: 65536 (order: 9, 2097152 bytes, linear)
[    0.313982] TCP: Hash tables configured (established 65536 bind 65536)
[    0.314227] UDP hash table entries: 4096 (order: 5, 131072 bytes, linear)
[    0.314721] UDP-Lite hash table entries: 4096 (order: 5, 131072 bytes, linear)
[    0.315039] NET: Registered PF_UNIX/PF_LOCAL protocol family
[    0.315615] RPC: Registered named UNIX socket transport module.
[    0.315805] RPC: Registered udp transport module.
[    0.315967] RPC: Registered tcp transport module.
[    0.316172] RPC: Registered tcp-with-tls transport module.
[    0.316350] RPC: Registered tcp NFSv4.1 backchannel transport module.
[    0.316858] pci_bus 0000:00: resource 4 [io  0x0000-0x0cf7 window]
[    0.317061] pci_bus 0000:00: resource 5 [io  0x0d00-0xffff window]
[    0.317253] pci_bus 0000:00: resource 6 [mem 0x000a0000-0x000bffff window]
[    0.317457] pci_bus 0000:00: resource 7 [mem 0xe0000000-0xfdffffff window]
[    0.317693] pci 0000:00:00.0: Limiting direct PCI/PCI transfers
[    0.319102] PCI: CLS 0 bytes, default 64
[    0.319308] PCI-DMA: Using software bounce buffering for IO (SWIOTLB)
[    0.319505] software IO TLB: mapped [mem 0x00000000dbff0000-0x00000000dfff0000] (64MB)
[    0.320174] RAPL PMU: API unit is 2^-32 Joules, 0 fixed counters, 10737418240 ms ovfl timer
[    0.320458] clocksource: tsc: mask: 0xffffffffffffffff max_cycles: 0x2fbd924e8de, max_idle_ns: 440795321919 ns
[    0.320859] clocksource: Switched to clocksource tsc
[    0.321106] platform rtc_cmos: registered platform RTC device (no PNP device found)
[    0.323440] Initialise system trusted keyrings
[    0.323702] workingset: timestamp_bits=56 max_order=21 bucket_order=0
[    0.324091] NFS: Registering the id_resolver key type
[    0.324323] Key type id_resolver registered
[    0.324475] Key type id_legacy registered
[    0.324685] 9p: Installing v9fs 9p2000 file system support
[    0.336253] Key type asymmetric registered
[    0.336458] Asymmetric key parser 'x509' registered
[    0.336684] Block layer SCSI generic (bsg) driver version 0.4 loaded (major 251)
[    0.339475] io scheduler mq-deadline registered
[    0.339770] io scheduler kyber registered
[    0.341396] ACPI: AC: AC Adapter [AC] (on-line)
[    0.341631] input: Power Button as /devices/LNXSYSTM:00/LNXPWRBN:00/input/input0
[    0.342051] ACPI: button: Power Button [PWRF]
[    0.342267] input: Sleep Button as /devices/LNXSYSTM:00/LNXSLPBN:00/input/input1
[    0.342571] ACPI: button: Sleep Button [SLPF]
[    0.342765] ACPI: video: Video Device [GFX0] (multi-head: yes  rom: no  post: no)
[    0.343066] input: Video Bus as /devices/LNXSYSTM:00/LNXSYBUS:00/PNP0A03:00/LNXVIDEO:00/input/input2
[    0.344017] Serial: 8250/16550 driver, 4 ports, IRQ sharing enabled
[    0.344838] Non-volatile memory driver v1.3
[    0.344994] Linux agpgart interface v0.103
[    0.345223] ACPI: bus type drm_connector registered
[    0.347955] loop: module loaded
[    0.348266] ahci 0000:00:0d.0: version 3.0
[    0.348670] ahci 0000:00:0d.0: SSS flag set, parallel bus scan disabled
[    0.349032] ahci 0000:00:0d.0: AHCI vers 0001.0100, 32 command slots, 3 Gbps, SATA mode
[    0.349154] ahci 0000:00:0d.0: 1/1 ports implemented (port mask 0x1)
[    0.349542] ahci 0000:00:0d.0: flags: 64bit ncq stag only ccc 
[    0.350433] scsi host0: ahci
[    0.350620] ata1: SATA max UDMA/133 abar m8192@0xf0806000 port 0xf0806100 irq 21 lpm-pol 0
[    0.350926] ata_piix 0000:00:01.1: version 2.13
[    0.351513] scsi host1: ata_piix
[    0.351874] scsi host2: ata_piix
[    0.352031] ata2: PATA max UDMA/33 cmd 0x1f0 ctl 0x3f6 bmdma 0xd000 irq 14 lpm-pol 0
[    0.352347] ata3: PATA max UDMA/33 cmd 0x170 ctl 0x376 bmdma 0xd008 irq 15 lpm-pol 0
[    0.353176] e100: Intel(R) PRO/100 Network Driver
[    0.353348] e100: Copyright(c) 1999-2006 Intel Corporation
[    0.353535] e1000: Intel(R) PRO/1000 Network Driver
[    0.353702] e1000: Copyright (c) 1999-2006 Intel Corporation.
[    0.521837] ata3.00: ATAPI: VBOX CD-ROM, 1.0, max UDMA/133
[    0.659014] ata1: SATA link up 3.0 Gbps (SStatus 123 SControl 300)
[    0.659426] ata1.00: ATA-6: VBOX HARDDISK, 1.0, max UDMA/133
[    0.659618] ata1.00: 251887616 sectors, multi 128: LBA48 NCQ (depth 32)
[    0.660008] ata1.00: configured for UDMA/133
[    0.661276] scsi 0:0:0:0: Direct-Access     ATA      VBOX HARDDISK    1.0  PQ: 0 ANSI: 5
[    0.661773] scsi 0:0:0:0: Attached scsi generic sg0 type 0
[    0.662163] sd 0:0:0:0: [sda] 251887616 512-byte logical blocks: (129 GB/120 GiB)
[    0.662475] sd 0:0:0:0: [sda] Write Protect is off
[    0.662673] sd 0:0:0:0: [sda] Mode Sense: 00 3a 00 00
[    0.662679] sd 0:0:0:0: [sda] Write cache: enabled, read cache: enabled, doesn't support DPO or FUA
[    0.662799] scsi 2:0:0:0: CD-ROM            VBOX     CD-ROM           1.0  PQ: 0 ANSI: 5
[    0.663005] sd 0:0:0:0: [sda] Preferred minimum I/O size 512 bytes
[    0.680374]  sda: sda1 sda2 sda3 sda4
[    0.681065] sd 0:0:0:0: [sda] Attached SCSI disk
[    0.688148] sr 2:0:0:0: [sr0] scsi3-mmc drive: 32x/32x xa/form2 tray
[    0.688361] cdrom: Uniform CD-ROM driver Revision: 3.20
[    0.701217] sr 2:0:0:0: Attached scsi CD-ROM sr0
[    0.701354] sr 2:0:0:0: Attached scsi generic sg1 type 5
[    1.036750] e1000 0000:00:03.0 eth0: (PCI:33MHz:32-bit) 08:00:27:3d:21:8b
[    1.036965] e1000 0000:00:03.0 eth0: Intel(R) PRO/1000 Network Connection
[    1.037140] e1000e: Intel(R) PRO/1000 Network Driver
[    1.037140] e1000e: Copyright(c) 1999 - 2015 Intel Corporation.
[    1.037140] sky2: driver version 1.30
[    1.038146] ohci-pci 0000:00:06.0: OHCI PCI host controller
[    1.038445] ohci-pci 0000:00:06.0: new USB bus registered, assigned bus number 1
[    1.038740] ohci-pci 0000:00:06.0: irq 22, io mem 0xf0804000
[    1.169923] usb usb1: New USB device found, idVendor=1d6b, idProduct=0001, bcdDevice= 6.12
[    1.170239] usb usb1: New USB device strings: Mfr=3, Product=2, SerialNumber=1
[    1.170485] usb usb1: Product: OHCI PCI host controller
[    1.170654] usb usb1: Manufacturer: Linux 6.12.0-thor_kernel-lil-pengu-gbc21690c9214 ohci_hcd
[    1.170923] usb usb1: SerialNumber: 0000:00:06.0
[    1.171358] hub 1-0:1.0: USB hub found
[    1.171516] hub 1-0:1.0: 12 ports detected
[    1.172037] ehci-pci 0000:00:0b.0: EHCI Host Controller
[    1.172045] usbcore: registered new interface driver usblp
[    1.172385] ehci-pci 0000:00:0b.0: new USB bus registered, assigned bus number 2
[    1.172462] usbcore: registered new interface driver usb-storage
[    1.172964] i8042: PNP: PS/2 Controller [PNP0303:PS2K,PNP0f03:PS2M] at 0x60,0x64 irq 1,12
[    1.173522] ehci-pci 0000:00:0b.0: irq 19, io mem 0xf0805000
[    1.173861] serio: i8042 KBD port at 0x60,0x64 irq 1
[    1.174055] serio: i8042 AUX port at 0x60,0x64 irq 12
[    1.174928] input: AT Translated Set 2 keyboard as /devices/platform/i8042/serio0/input/input3
[    1.175304] rtc_cmos rtc_cmos: registered as rtc0
[    1.175552] rtc_cmos rtc_cmos: alarms up to one day, 114 bytes nvram
[    1.175765] fail to initialize ptp_kvm
[    1.175850] device-mapper: ioctl: 4.48.0-ioctl (2023-03-01) initialised: dm-devel@lists.linux.dev
[    1.176382] intel_pstate: CPU model not supported
[    1.176580] hid: raw HID events driver (C) Jiri Kosina
[    1.177031] usbcore: registered new interface driver usbhid
[    1.177282] usbhid: USB HID core driver
[    1.179224] ehci-pci 0000:00:0b.0: USB 2.0 started, EHCI 1.00
[    1.179254] Initializing XFRM netlink socket
[    1.179490] usb usb2: New USB device found, idVendor=1d6b, idProduct=0002, bcdDevice= 6.12
[    1.179624] NET: Registered PF_INET6 protocol family
[    1.179867] usb usb2: New USB device strings: Mfr=3, Product=2, SerialNumber=1
[    1.180606] usb usb2: Product: EHCI Host Controller
[    1.180667] Segment Routing with IPv6
[    1.180786] usb usb2: Manufacturer: Linux 6.12.0-thor_kernel-lil-pengu-gbc21690c9214 ehci_hcd
[    1.180935] In-situ OAM (IOAM) with IPv6
[    1.181368] usb usb2: SerialNumber: 0000:00:0b.0
[    1.181630] sit: IPv6, IPv4 and MPLS over IPv4 tunneling driver
[    1.182096] hub 2-0:1.0: USB hub found
[    1.182281] NET: Registered PF_PACKET protocol family
[    1.182330] hub 2-0:1.0: 12 ports detected
[    1.182522] 9pnet: Installing 9P2000 support
[    1.182980] Key type dns_resolver registered
[    1.184008] IPI shorthand broadcast: enabled
[    1.185627] sched_clock: Marking stable (1158024952, 27091648)->(1309153983, -124037383)
[    1.186126] registered taskstats version 1
[    1.186313] Loading compiled-in X.509 certificates
[    1.187631] Demotion targets for Node 0: null
[    1.187996] PM:   Magic number: 0:593:893
[    1.188304] printk: legacy console [netcon0] enabled
[    1.188539] netconsole: network logging started
[    1.188812] cfg80211: Loading compiled-in X.509 certificates for regulatory database
[    1.189562] kworker/u28:1 (92) used greatest stack depth: 14424 bytes left
[    1.190211] Loaded X.509 cert 'sforshee: 00b28ddf47aef9cea7'
[    1.190572] Loaded X.509 cert 'wens: 61c038651aabdcf94bd0ac7ff06c7248db18c600'
[    1.190738] input: ImExPS/2 Generic Explorer Mouse as /devices/platform/i8042/serio1/input/input5
[    1.190889] platform regulatory.0: Direct firmware load for regulatory.db failed with error -2
[    1.191289] ALSA device list:
[    1.191583] cfg80211: failed to load regulatory.db
[    1.191710]   No soundcards found.
[    1.192130] md: Waiting for all devices to be available before autodetect
[    1.192333] md: If you don't use raid, use raid=noautodetect
[    1.192510] md: Autodetecting RAID arrays.
[    1.192656] md: autorun ...
[    1.192777] md: ... autorun DONE.
[    1.196986] EXT4-fs (sda2): mounted filesystem 44ca9502-5a40-4c9b-b5c6-5b1c5ed65449 ro with ordered data mode. Quota mode: none.
[    1.197412] VFS: Mounted root (ext4 filesystem) readonly on device 8:2.
[    1.199097] devtmpfs: mounted
[    1.199903] Freeing unused kernel image (initmem) memory: 2700K
[    1.200251] Write protecting the kernel read-only data: 26624k
[    1.200872] Freeing unused kernel image (rodata/data gap) memory: 1100K
[    1.242535] x86/mm: Checked W+X mappings: passed, no W+X pages found.
[    1.242743] x86/mm: Checking user space page tables
[    1.280054] x86/mm: Checked W+X mappings: passed, no W+X pages found.
[    1.280269] Run /sbin/init as init process
[    1.280417]   with arguments:
[    1.280417]     /sbin/init
[    1.280418]   with environment:
[    1.280418]     HOME=/
[    1.280419]     TERM=linux
[    1.280419]     BOOT_IMAGE=/vmlinuz-6.12-thor_kernel
[    1.332799] stty (101) used greatest stack depth: 13000 bytes left
[    1.466500] ip (203) used greatest stack depth: 12992 bytes left
[    1.505829] udevd[228]: Starting systemd-udevd version 256.4
[    1.516595] udevd[229]: Using default interface naming scheme 'v255'.
[    1.581516] e1000 0000:00:03.0 enp0s3: renamed from eth0
[    4.331855] Adding 2097148k swap on /dev/sda4.  Priority:1 extents:1 across:2097148k 
[    4.355171] EXT4-fs (sda2): re-mounted 44ca9502-5a40-4c9b-b5c6-5b1c5ed65449 ro. Quota mode: none.
[    4.400614] EXT4-fs (sda2): re-mounted 44ca9502-5a40-4c9b-b5c6-5b1c5ed65449 r/w. Quota mode: none.
[    4.414348] EXT4-fs (sda3): mounted filesystem 32d3bed2-41b2-4858-9b12-2b897212e8e0 r/w with ordered data mode. Quota mode: none.
[    5.477273] ip (472) used greatest stack depth: 12952 bytes left
[    5.478538] e1000: enp0s3 NIC Link is Up 1000 Mbps Full Duplex, Flow Control: RX
[   10.800707] (udev-worker) (234) used greatest stack depth: 12680 bytes left
[  187.537848] git (844) used greatest stack depth: 12672 bytes left
