[    0.000000] Linux version 6.12.0-rc6-next-20241108-lil-pengu (root@ybensell) (gcc (GCC) 14.2.0, GNU ld (GNU Binutils) 2.43.1) #2 SMP PREEMPT_DYNAMIC Fri Nov  8 14:00:36 UTC 2024
[    0.000000] Command line: BOOT_IMAGE=/vmlinuz-linux-next root=/dev/sda2 ro
[    0.000000] BIOS-provided physical RAM map:
[    0.000000] BIOS-e820: [mem 0x0000000000000000-0x000000000009fbff] usable
[    0.000000] BIOS-e820: [mem 0x000000000009fc00-0x000000000009ffff] reserved
[    0.000000] BIOS-e820: [mem 0x00000000000f0000-0x00000000000fffff] reserved
[    0.000000] BIOS-e820: [mem 0x0000000000100000-0x00000000dffeffff] usable
[    0.000000] BIOS-e820: [mem 0x00000000dfff0000-0x00000000dfffffff] ACPI data
[    0.000000] BIOS-e820: [mem 0x00000000fec00000-0x00000000fec00fff] reserved
[    0.000000] BIOS-e820: [mem 0x00000000fee00000-0x00000000fee00fff] reserved
[    0.000000] BIOS-e820: [mem 0x00000000fffc0000-0x00000000ffffffff] reserved
[    0.000000] BIOS-e820: [mem 0x0000000100000000-0x000000014f5fffff] usable
[    0.000000] NX (Execute Disable) protection: active
[    0.000000] APIC: Static calls initialized
[    0.000000] SMBIOS 2.5 present.
[    0.000000] DMI: innotek GmbH VirtualBox/VirtualBox, BIOS VirtualBox 12/01/2006
[    0.000000] DMI: Memory slots populated: 0/0
[    0.000000] Hypervisor detected: KVM
[    0.000000] kvm-clock: Using msrs 4b564d01 and 4b564d00
[    0.000001] kvm-clock: using sched offset of 96023836958 cycles
[    0.000003] clocksource: kvm-clock: mask: 0xffffffffffffffff max_cycles: 0x1cd42e4dffb, max_idle_ns: 881590591483 ns
[    0.000005] tsc: Detected 3312.000 MHz processor
[    0.001567] e820: update [mem 0x00000000-0x00000fff] usable ==> reserved
[    0.001570] e820: remove [mem 0x000a0000-0x000fffff] usable
[    0.001573] last_pfn = 0x14f600 max_arch_pfn = 0x400000000
[    0.001579] MTRRs disabled by BIOS
[    0.001581] x86/PAT: Configuration [0-7]: WB  WC  UC- UC  WB  WP  UC- WT  
[    0.001587] last_pfn = 0xe0000 max_arch_pfn = 0x400000000
[    0.001626] found SMP MP-table at [mem 0x0009fff0-0x0009ffff]
[    0.001967] ACPI: Early table checksum verification disabled
[    0.001970] ACPI: RSDP 0x00000000000E0000 000024 (v02 VBOX  )
[    0.001973] ACPI: XSDT 0x00000000DFFF0030 00003C (v01 VBOX   VBOXXSDT 00000001 ASL  00000061)
[    0.001978] ACPI: FACP 0x00000000DFFF00F0 0000F4 (v04 VBOX   VBOXFACP 00000001 ASL  00000061)
[    0.001982] ACPI: DSDT 0x00000000DFFF0490 002325 (v02 VBOX   VBOXBIOS 00000002 INTL 20120111)
[    0.001985] ACPI: FACS 0x00000000DFFF0200 000040
[    0.001987] ACPI: FACS 0x00000000DFFF0200 000040
[    0.001989] ACPI: APIC 0x00000000DFFF0240 00007C (v02 VBOX   VBOXAPIC 00000001 ASL  00000061)
[    0.001992] ACPI: SSDT 0x00000000DFFF02C0 0001CC (v01 VBOX   VBOXCPUT 00000002 INTL 20120111)
[    0.001994] ACPI: Reserving FACP table memory at [mem 0xdfff00f0-0xdfff01e3]
[    0.001994] ACPI: Reserving DSDT table memory at [mem 0xdfff0490-0xdfff27b4]
[    0.001995] ACPI: Reserving FACS table memory at [mem 0xdfff0200-0xdfff023f]
[    0.001996] ACPI: Reserving FACS table memory at [mem 0xdfff0200-0xdfff023f]
[    0.001996] ACPI: Reserving APIC table memory at [mem 0xdfff0240-0xdfff02bb]
[    0.001996] ACPI: Reserving SSDT table memory at [mem 0xdfff02c0-0xdfff048b]
[    0.002449] No NUMA configuration found
[    0.002450] Faking a node at [mem 0x0000000000000000-0x000000014f5fffff]
[    0.002452] NODE_DATA(0) allocated [mem 0x14f5f8940-0x14f5fbfff]
[    0.002462] Zone ranges:
[    0.002462]   DMA      [mem 0x0000000000001000-0x0000000000ffffff]
[    0.002464]   DMA32    [mem 0x0000000001000000-0x00000000ffffffff]
[    0.002465]   Normal   [mem 0x0000000100000000-0x000000014f5fffff]
[    0.002466] Movable zone start for each node
[    0.002466] Early memory node ranges
[    0.002466]   node   0: [mem 0x0000000000001000-0x000000000009efff]
[    0.002467]   node   0: [mem 0x0000000000100000-0x00000000dffeffff]
[    0.002468]   node   0: [mem 0x0000000100000000-0x000000014f5fffff]
[    0.002469] Initmem setup node 0 [mem 0x0000000000001000-0x000000014f5fffff]
[    0.002659] On node 0, zone DMA: 1 pages in unavailable ranges
[    0.002678] On node 0, zone DMA: 97 pages in unavailable ranges
[    0.018794] On node 0, zone Normal: 16 pages in unavailable ranges
[    0.018822] On node 0, zone Normal: 2560 pages in unavailable ranges
[    0.019203] ACPI: PM-Timer IO Port: 0x4008
[    0.019249] IOAPIC[0]: apic_id 6, version 32, address 0xfec00000, GSI 0-23
[    0.019252] ACPI: INT_SRC_OVR (bus 0 bus_irq 0 global_irq 2 dfl dfl)
[    0.019254] ACPI: INT_SRC_OVR (bus 0 bus_irq 9 global_irq 9 low level)
[    0.019258] ACPI: Using ACPI (MADT) for SMP configuration information
[    0.019262] CPU topo: Max. logical packages:   1
[    0.019263] CPU topo: Max. logical dies:       1
[    0.019263] CPU topo: Max. dies per package:   1
[    0.019266] CPU topo: Max. threads per core:   1
[    0.019267] CPU topo: Num. cores per package:     6
[    0.019267] CPU topo: Num. threads per package:   6
[    0.019268] CPU topo: Allowing 6 present CPUs plus 0 hotplug CPUs
[    0.019284] PM: hibernation: Registered nosave memory: [mem 0x00000000-0x00000fff]
[    0.019286] PM: hibernation: Registered nosave memory: [mem 0x0009f000-0x0009ffff]
[    0.019286] PM: hibernation: Registered nosave memory: [mem 0x000a0000-0x000effff]
[    0.019287] PM: hibernation: Registered nosave memory: [mem 0x000f0000-0x000fffff]
[    0.019287] PM: hibernation: Registered nosave memory: [mem 0xdfff0000-0xdfffffff]
[    0.019288] PM: hibernation: Registered nosave memory: [mem 0xe0000000-0xfebfffff]
[    0.019288] PM: hibernation: Registered nosave memory: [mem 0xfec00000-0xfec00fff]
[    0.019289] PM: hibernation: Registered nosave memory: [mem 0xfec01000-0xfedfffff]
[    0.019289] PM: hibernation: Registered nosave memory: [mem 0xfee00000-0xfee00fff]
[    0.019290] PM: hibernation: Registered nosave memory: [mem 0xfee01000-0xfffbffff]
[    0.019290] PM: hibernation: Registered nosave memory: [mem 0xfffc0000-0xffffffff]
[    0.019291] [mem 0xe0000000-0xfebfffff] available for PCI devices
[    0.019292] Booting paravirtualized kernel on KVM
[    0.019293] clocksource: refined-jiffies: mask: 0xffffffff max_cycles: 0xffffffff, max_idle_ns: 1910969940391419 ns
[    0.023791] setup_percpu: NR_CPUS:64 nr_cpumask_bits:6 nr_cpu_ids:6 nr_node_ids:1
[    0.024147] percpu: Embedded 56 pages/cpu s191320 r8192 d29864 u262144
[    0.024151] pcpu-alloc: s191320 r8192 d29864 u262144 alloc=1*2097152
[    0.024153] pcpu-alloc: [0] 0 1 2 3 4 5 - - 
[    0.024169] Kernel command line: BOOT_IMAGE=/vmlinuz-linux-next root=/dev/sda2 ro
[    0.024189] Unknown kernel command line parameters "BOOT_IMAGE=/vmlinuz-linux-next", will be passed to user space.
[    0.024205] random: crng init done
[    0.024205] printk: log buffer data + meta data: 262144 + 917504 = 1179648 bytes
[    0.025313] Dentry cache hash table entries: 1048576 (order: 11, 8388608 bytes, linear)
[    0.025864] Inode-cache hash table entries: 524288 (order: 10, 4194304 bytes, linear)
[    0.025964] Fallback order for Node 0: 0 
[    0.025967] Built 1 zonelists, mobility grouping on.  Total pages: 1242510
[    0.025968] Policy zone: Normal
[    0.025970] mem auto-init: stack:all(zero), heap alloc:off, heap free:off
[    0.025974] software IO TLB: area num 8.
[    0.055526] SLUB: HWalign=64, Order=0-3, MinObjects=0, CPUs=6, Nodes=1
[    0.055537] Kernel/User page tables isolation: enabled
[    0.056411] Dynamic Preempt: voluntary
[    0.056659] rcu: Preemptible hierarchical RCU implementation.
[    0.056660] rcu: 	RCU event tracing is enabled.
[    0.056660] rcu: 	RCU restricting CPUs from NR_CPUS=64 to nr_cpu_ids=6.
[    0.056661] 	Trampoline variant of Tasks RCU enabled.
[    0.056661] 	Tracing variant of Tasks RCU enabled.
[    0.056662] rcu: RCU calculated value of scheduler-enlistment delay is 100 jiffies.
[    0.056663] rcu: Adjusting geometry for rcu_fanout_leaf=16, nr_cpu_ids=6
[    0.056668] RCU Tasks: Setting shift to 3 and lim to 1 rcu_task_cb_adjust=1 rcu_task_cpu_ids=6.
[    0.056669] RCU Tasks Trace: Setting shift to 3 and lim to 1 rcu_task_cb_adjust=1 rcu_task_cpu_ids=6.
[    0.057767] NR_IRQS: 4352, nr_irqs: 472, preallocated irqs: 16
[    0.057933] rcu: srcu_init: Setting srcu_struct sizes based on contention.
[    0.062097] Console: colour VGA+ 80x25
[    0.062099] printk: legacy console [tty0] enabled
[    0.085816] ACPI: Core revision 20240827
[    0.086331] APIC: Switch to symmetric I/O mode setup
[    0.087376] ..TIMER: vector=0x30 apic1=0 pin1=2 apic2=-1 pin2=-1
[    0.087593] clocksource: tsc-early: mask: 0xffffffffffffffff max_cycles: 0x2fbd93f9e57, max_idle_ns: 440795263784 ns
[    0.087900] Calibrating delay loop (skipped) preset value.. 6624.00 BogoMIPS (lpj=3312000)
[    0.088946] Last level iTLB entries: 4KB 64, 2MB 8, 4MB 8
[    0.089120] Last level dTLB entries: 4KB 64, 2MB 0, 4MB 0, 1GB 4
[    0.089304] Spectre V1 : Mitigation: usercopy/swapgs barriers and __user pointer sanitization
[    0.089565] Spectre V2 : Mitigation: Retpolines
[    0.089715] Spectre V2 : Spectre v2 / SpectreRSB mitigation: Filling RSB on context switch
[    0.089897] Spectre V2 : Spectre v2 / SpectreRSB : Filling RSB on VMEXIT
[    0.089897] RETBleed: WARNING: Spectre v2 mitigation leaves CPU vulnerable to RETBleed attacks, data leaks possible!
[    0.089897] RETBleed: Vulnerable
[    0.089897] Speculative Store Bypass: Vulnerable
[    0.089897] MDS: Mitigation: Clear CPU buffers
[    0.089897] MMIO Stale Data: Mitigation: Clear CPU buffers
[    0.089897] SRBDS: Unknown: Dependent on hypervisor status
[    0.089897] GDS: Unknown: Dependent on hypervisor status
[    0.089897] x86/fpu: Supporting XSAVE feature 0x001: 'x87 floating point registers'
[    0.089897] x86/fpu: Supporting XSAVE feature 0x002: 'SSE registers'
[    0.089897] x86/fpu: Supporting XSAVE feature 0x004: 'AVX registers'
[    0.089899] x86/fpu: xstate_offset[2]:  576, xstate_sizes[2]:  256
[    0.090081] x86/fpu: Enabled xstate features 0x7, context size is 832 bytes, using 'standard' format.
[    0.109651] Freeing SMP alternatives memory: 48K
[    0.109834] pid_max: default: 32768 minimum: 301
[    0.109916] LSM: initializing lsm=capability,selinux
[    0.110096] SELinux:  Initializing.
[    0.110334] Mount-cache hash table entries: 16384 (order: 5, 131072 bytes, linear)
[    0.110827] Mountpoint-cache hash table entries: 16384 (order: 5, 131072 bytes, linear)
[    0.213351] smpboot: CPU0: Intel(R) Core(TM) i5-10600 CPU @ 3.30GHz (family: 0x6, model: 0xa5, stepping: 0x3)
[    0.213836] Performance Events: unsupported p6 CPU model 165 no PMU driver, software events only.
[    0.213897] signal: max sigframe size: 1776
[    0.213897] rcu: Hierarchical SRCU implementation.
[    0.213897] rcu: 	Max phase no-delay instances is 400.
[    0.213936] Timer migration: 1 hierarchy levels; 8 children per group; 1 crossnode level
[    0.215003] smp: Bringing up secondary CPUs ...
[    0.215941] smpboot: x86: Booting SMP configuration:
[    0.216101] .... node  #0, CPUs:      #1 #2 #3 #4 #5
[    0.224078] smp: Brought up 1 node, 6 CPUs
[    0.224398] smpboot: Total of 6 processors activated (39744.00 BogoMIPS)
[    0.224921] Memory: 4767564K/4970040K available (18432K kernel code, 2859K rwdata, 7136K rodata, 2708K init, 984K bss, 197448K reserved, 0K cma-reserved)
[    0.225918] devtmpfs: initialized
[    0.226630] clocksource: jiffies: mask: 0xffffffff max_cycles: 0xffffffff, max_idle_ns: 1911260446275000 ns
[    0.226900] futex hash table entries: 2048 (order: 5, 131072 bytes, linear)
[    0.227152] PM: RTC time: 14:24:16, date: 2024-11-08
[    0.227504] NET: Registered PF_NETLINK/PF_ROUTE protocol family
[    0.227956] audit: initializing netlink subsys (disabled)
[    0.228168] audit: type=2000 audit(1731075954.749:1): state=initialized audit_enabled=0 res=1
[    0.228168] thermal_sys: Registered thermal governor 'step_wise'
[    0.228245] thermal_sys: Registered thermal governor 'user_space'
[    0.228463] cpuidle: using governor menu
[    0.229135] PCI: Using configuration type 1 for base access
[    0.229398] kprobes: kprobe jump-optimization is enabled. All kprobes are optimized if possible.
[    0.233081] HugeTLB: registered 2.00 MiB page size, pre-allocated 0 pages
[    0.233287] HugeTLB: 28 KiB vmemmap can be freed for a 2.00 MiB page
[    0.233625] ACPI: Added _OSI(Module Device)
[    0.233784] ACPI: Added _OSI(Processor Device)
[    0.233899] ACPI: Added _OSI(3.0 _SCP Extensions)
[    0.234056] ACPI: Added _OSI(Processor Aggregator Device)
[    0.235101] ACPI: 2 ACPI AML tables successfully acquired and loaded
[    0.238748] ACPI: Interpreter enabled
[    0.238904] ACPI: PM: (supports S0 S5)
[    0.239041] ACPI: Using IOAPIC for interrupt routing
[    0.239536] PCI: Using host bridge windows from ACPI; if necessary, use "pci=nocrs" and report a bug
[    0.239899] PCI: Using E820 reservations for host bridge windows
[    0.240137] ACPI: Enabled 2 GPEs in block 00 to 07
[    0.245384] ACPI: PCI Root Bridge [PCI0] (domain 0000 [bus 00-ff])
[    0.245605] acpi PNP0A03:00: _OSC: OS supports [ASPM ClockPM Segments MSI HPX-Type3]
[    0.245881] acpi PNP0A03:00: _OSC: not requesting OS control; OS requires [ExtendedConfig ASPM ClockPM MSI]
[    0.246063] acpi PNP0A03:00: fail to add MMCONFIG information, can't access extended configuration space under this bridge
[    0.246963] PCI host bridge to bus 0000:00
[    0.247115] pci_bus 0000:00: root bus resource [io  0x0000-0x0cf7 window]
[    0.247334] pci_bus 0000:00: root bus resource [io  0x0d00-0xffff window]
[    0.247551] pci_bus 0000:00: root bus resource [mem 0x000a0000-0x000bffff window]
[    0.247818] pci_bus 0000:00: root bus resource [mem 0xe0000000-0xfdffffff window]
[    0.247898] pci_bus 0000:00: root bus resource [bus 00-ff]
[    0.248238] pci 0000:00:00.0: [8086:1237] type 00 class 0x060000 conventional PCI endpoint
[    0.249156] pci 0000:00:01.0: [8086:7000] type 00 class 0x060100 conventional PCI endpoint
[    0.250104] pci 0000:00:01.1: [8086:7111] type 00 class 0x01018a conventional PCI endpoint
[    0.250855] pci 0000:00:01.1: BAR 4 [io  0xd000-0xd00f]
[    0.251023] pci 0000:00:01.1: BAR 0 [io  0x01f0-0x01f7]: legacy IDE quirk
[    0.251237] pci 0000:00:01.1: BAR 1 [io  0x03f6]: legacy IDE quirk
[    0.251464] pci 0000:00:01.1: BAR 2 [io  0x0170-0x0177]: legacy IDE quirk
[    0.251675] pci 0000:00:01.1: BAR 3 [io  0x0376]: legacy IDE quirk
[    0.252046] pci 0000:00:02.0: [15ad:0405] type 00 class 0x030000 conventional PCI endpoint
[    0.255916] pci 0000:00:02.0: BAR 0 [io  0xd010-0xd01f]
[    0.258909] pci 0000:00:02.0: BAR 1 [mem 0xe0000000-0xe0ffffff pref]
[    0.262217] pci 0000:00:02.0: BAR 2 [mem 0xf0000000-0xf01fffff]
[    0.273995] pci 0000:00:02.0: Video device with shadowed ROM at [mem 0x000c0000-0x000dffff]
[    0.275953] pci 0000:00:03.0: [8086:100e] type 00 class 0x020000 conventional PCI endpoint
[    0.278909] pci 0000:00:03.0: BAR 0 [mem 0xf0200000-0xf021ffff]
[    0.283029] pci 0000:00:03.0: BAR 2 [io  0xd020-0xd027]
[    0.299355] pci 0000:00:04.0: [80ee:cafe] type 00 class 0x088000 conventional PCI endpoint
[    0.302910] pci 0000:00:04.0: BAR 0 [io  0xd040-0xd05f]
[    0.306936] pci 0000:00:04.0: BAR 1 [mem 0xf0400000-0xf07fffff]
[    0.309909] pci 0000:00:04.0: BAR 2 [mem 0xf0800000-0xf0803fff pref]
[    0.323181] pci 0000:00:05.0: [8086:2415] type 00 class 0x040100 conventional PCI endpoint
[    0.324003] pci 0000:00:05.0: BAR 0 [io  0xd100-0xd1ff]
[    0.324242] pci 0000:00:05.0: BAR 1 [io  0xd200-0xd23f]
[    0.324998] pci 0000:00:06.0: [106b:003f] type 00 class 0x0c0310 conventional PCI endpoint
[    0.327909] pci 0000:00:06.0: BAR 0 [mem 0xf0804000-0xf0804fff]
[    0.350153] pci 0000:00:07.0: [8086:7113] type 00 class 0x068000 conventional PCI endpoint
[    0.350898] pci 0000:00:07.0: quirk: [io  0x4000-0x403f] claimed by PIIX4 ACPI
[    0.351191] pci 0000:00:07.0: quirk: [io  0x4100-0x410f] claimed by PIIX4 SMB
[    0.351655] pci 0000:00:0b.0: [8086:265c] type 00 class 0x0c0320 conventional PCI endpoint
[    0.356655] pci 0000:00:0b.0: BAR 0 [mem 0xf0805000-0xf0805fff]
[    0.379296] pci 0000:00:0d.0: [8086:2829] type 00 class 0x010601 conventional PCI endpoint
[    0.381994] pci 0000:00:0d.0: BAR 0 [io  0xd240-0xd247]
[    0.384943] pci 0000:00:0d.0: BAR 1 [io  0xd248-0xd24b]
[    0.388975] pci 0000:00:0d.0: BAR 2 [io  0xd250-0xd257]
[    0.391968] pci 0000:00:0d.0: BAR 3 [io  0xd258-0xd25b]
[    0.394966] pci 0000:00:0d.0: BAR 4 [io  0xd260-0xd26f]
[    0.397924] pci 0000:00:0d.0: BAR 5 [mem 0xf0806000-0xf0807fff]
[    0.402403] ACPI: PCI: Interrupt link LNKA configured for IRQ 11
[    0.402760] ACPI: PCI: Interrupt link LNKB configured for IRQ 10
[    0.402957] ACPI: PCI: Interrupt link LNKC configured for IRQ 9
[    0.403212] ACPI: PCI: Interrupt link LNKD configured for IRQ 11
[    0.403607] iommu: Default domain type: Translated
[    0.403898] iommu: DMA domain TLB invalidation policy: lazy mode
[    0.404151] SCSI subsystem initialized
[    0.404336] libata version 3.00 loaded.
[    0.404336] ACPI: bus type USB registered
[    0.404336] usbcore: registered new interface driver usbfs
[    0.404902] usbcore: registered new interface driver hub
[    0.405081] usbcore: registered new device driver usb
[    0.405272] pps_core: LinuxPPS API ver. 1 registered
[    0.405454] pps_core: Software ver. 5.3.6 - Copyright 2005-2007 Rodolfo Giometti <giometti@linux.it>
[    0.405772] PTP clock support registered
[    0.405929] Advanced Linux Sound Architecture Driver Initialized.
[    0.406256] NetLabel: Initializing
[    0.406414] NetLabel:  domain hash size = 128
[    0.406583] NetLabel:  protocols = UNLABELED CIPSOv4 CALIPSO
[    0.406776] NetLabel:  unlabeled traffic allowed by default
[    0.407023] PCI: Using ACPI for IRQ routing
[    0.407213] PCI: pci_cache_line_size set to 64 bytes
[    0.407400] e820: reserve RAM buffer [mem 0x0009fc00-0x0009ffff]
[    0.407407] e820: reserve RAM buffer [mem 0xdfff0000-0xdfffffff]
[    0.407408] e820: reserve RAM buffer [mem 0x14f600000-0x14fffffff]
[    0.407916] pci 0000:00:02.0: vgaarb: setting as boot VGA device
[    0.408107] pci 0000:00:02.0: vgaarb: bridge control possible
[    0.408304] pci 0000:00:02.0: vgaarb: VGA device added: decodes=io+mem,owns=io+mem,locks=none
[    0.408597] vgaarb: loaded
[    0.409504] clocksource: Switched to clocksource kvm-clock
[    0.410083] VFS: Disk quotas dquot_6.6.0
[    0.410306] VFS: Dquot-cache hash table entries: 512 (order 0, 4096 bytes)
[    0.410580] pnp: PnP ACPI init
[    0.411490] pnp: PnP ACPI: found 2 devices
[    0.423614] clocksource: acpi_pm: mask: 0xffffff max_cycles: 0xffffff, max_idle_ns: 2085701024 ns
[    0.423967] NET: Registered PF_INET protocol family
[    0.424445] IP idents hash table entries: 131072 (order: 8, 1048576 bytes, linear)
[    0.425721] tcp_listen_portaddr_hash hash table entries: 4096 (order: 4, 65536 bytes, linear)
[    0.426045] Table-perturb hash table entries: 65536 (order: 6, 262144 bytes, linear)
[    0.426320] TCP established hash table entries: 65536 (order: 7, 524288 bytes, linear)
[    0.426685] TCP bind hash table entries: 65536 (order: 9, 2097152 bytes, linear)
[    0.427275] TCP: Hash tables configured (established 65536 bind 65536)
[    0.427494] UDP hash table entries: 4096 (order: 5, 131072 bytes, linear)
[    0.427709] UDP-Lite hash table entries: 4096 (order: 5, 131072 bytes, linear)
[    0.427990] NET: Registered PF_UNIX/PF_LOCAL protocol family
[    0.428491] RPC: Registered named UNIX socket transport module.
[    0.428691] RPC: Registered udp transport module.
[    0.428852] RPC: Registered tcp transport module.
[    0.429012] RPC: Registered tcp-with-tls transport module.
[    0.429188] RPC: Registered tcp NFSv4.1 backchannel transport module.
[    0.429776] pci_bus 0000:00: resource 4 [io  0x0000-0x0cf7 window]
[    0.430018] pci_bus 0000:00: resource 5 [io  0x0d00-0xffff window]
[    0.430211] pci_bus 0000:00: resource 6 [mem 0x000a0000-0x000bffff window]
[    0.430415] pci_bus 0000:00: resource 7 [mem 0xe0000000-0xfdffffff window]
[    0.430694] pci 0000:00:00.0: Limiting direct PCI/PCI transfers
[    0.432675] PCI: CLS 0 bytes, default 64
[    0.432872] PCI-DMA: Using software bounce buffering for IO (SWIOTLB)
[    0.433075] software IO TLB: mapped [mem 0x00000000dbff0000-0x00000000dfff0000] (64MB)
[    0.433365] RAPL PMU: API unit is 2^-32 Joules, 0 fixed counters, 10737418240 ms ovfl timer
[    0.433747] clocksource: tsc: mask: 0xffffffffffffffff max_cycles: 0x2fbd93f9e57, max_idle_ns: 440795263784 ns
[    0.434421] clocksource: Switched to clocksource tsc
[    0.434612] platform rtc_cmos: registered platform RTC device (no PNP device found)
[    0.436955] Initialise system trusted keyrings
[    0.437252] workingset: timestamp_bits=56 max_order=21 bucket_order=0
[    0.437618] NFS: Registering the id_resolver key type
[    0.437811] Key type id_resolver registered
[    0.437963] Key type id_legacy registered
[    0.438210] 9p: Installing v9fs 9p2000 file system support
[    0.447803] Key type asymmetric registered
[    0.447918] Asymmetric key parser 'x509' registered
[    0.447918] Block layer SCSI generic (bsg) driver version 0.4 loaded (major 251)
[    0.447918] io scheduler mq-deadline registered
[    0.450350] io scheduler kyber registered
[    0.451027] ACPI: AC: AC Adapter [AC] (on-line)
[    0.451220] input: Power Button as /devices/LNXSYSTM:00/LNXPWRBN:00/input/input0
[    0.451569] ACPI: button: Power Button [PWRF]
[    0.451742] input: Sleep Button as /devices/LNXSYSTM:00/LNXSLPBN:00/input/input1
[    0.452234] ACPI: button: Sleep Button [SLPF]
[    0.452422] ACPI: video: Video Device [GFX0] (multi-head: yes  rom: no  post: no)
[    0.452709] input: Video Bus as /devices/LNXSYSTM:00/LNXSYBUS:00/PNP0A03:00/LNXVIDEO:00/input/input2
[    0.453624] Serial: 8250/16550 driver, 4 ports, IRQ sharing enabled
[    0.454346] Non-volatile memory driver v1.3
[    0.454501] Linux agpgart interface v0.103
[    0.454705] ACPI: bus type drm_connector registered
[    0.456843] loop: module loaded
[    0.457033] ahci 0000:00:0d.0: version 3.0
[    0.457353] ahci 0000:00:0d.0: SSS flag set, parallel bus scan disabled
[    0.458233] ahci 0000:00:0d.0: AHCI vers 0001.0100, 32 command slots, 3 Gbps, SATA mode
[    0.458505] ahci 0000:00:0d.0: 1/1 ports implemented (port mask 0x1)
[    0.458699] ahci 0000:00:0d.0: flags: 64bit ncq stag only ccc 
[    0.459241] scsi host0: ahci
[    0.459399] ata1: SATA max UDMA/133 abar m8192@0xf0806000 port 0xf0806100 irq 21 lpm-pol 0
[    0.459696] ata_piix 0000:00:01.1: version 2.13
[    0.460926] scsi host1: ata_piix
[    0.461288] scsi host2: ata_piix
[    0.461437] ata2: PATA max UDMA/33 cmd 0x1f0 ctl 0x3f6 bmdma 0xd000 irq 14 lpm-pol 0
[    0.461697] ata3: PATA max UDMA/33 cmd 0x170 ctl 0x376 bmdma 0xd008 irq 15 lpm-pol 0
[    0.462095] e100: Intel(R) PRO/100 Network Driver
[    0.462259] e100: Copyright(c) 1999-2006 Intel Corporation
[    0.462271] e1000: Intel(R) PRO/1000 Network Driver
[    0.462271] e1000: Copyright (c) 1999-2006 Intel Corporation.
[    0.627031] ata3.00: ATAPI: VBOX CD-ROM, 1.0, max UDMA/133
[    0.766096] ata1: SATA link up 3.0 Gbps (SStatus 123 SControl 300)
[    0.766386] ata1.00: ATA-6: VBOX HARDDISK, 1.0, max UDMA/133
[    0.766583] ata1.00: 251887616 sectors, multi 128: LBA48 NCQ (depth 32)
[    0.766906] ata1.00: configured for UDMA/133
[    0.767159] scsi 0:0:0:0: Direct-Access     ATA      VBOX HARDDISK    1.0  PQ: 0 ANSI: 5
[    0.767575] scsi 0:0:0:0: Attached scsi generic sg0 type 0
[    0.767938] sd 0:0:0:0: [sda] 251887616 512-byte logical blocks: (129 GB/120 GiB)
[    0.768235] sd 0:0:0:0: [sda] Write Protect is off
[    0.768429] sd 0:0:0:0: [sda] Mode Sense: 00 3a 00 00
[    0.768436] sd 0:0:0:0: [sda] Write cache: enabled, read cache: enabled, doesn't support DPO or FUA
[    0.768618] scsi 2:0:0:0: CD-ROM            VBOX     CD-ROM           1.0  PQ: 0 ANSI: 5
[    0.768860] sd 0:0:0:0: [sda] Preferred minimum I/O size 512 bytes
[    0.785458] sr 2:0:0:0: [sr0] scsi3-mmc drive: 32x/32x xa/form2 tray
[    0.785713] cdrom: Uniform CD-ROM driver Revision: 3.20
[    0.786136]  sda: sda1 sda2 sda3 sda4
[    0.787093] sd 0:0:0:0: [sda] Attached SCSI disk
[    0.795321] e1000 0000:00:03.0 eth0: (PCI:33MHz:32-bit) 08:00:27:3d:21:8b
[    0.795539] e1000 0000:00:03.0 eth0: Intel(R) PRO/1000 Network Connection
[    0.795773] e1000e: Intel(R) PRO/1000 Network Driver
[    0.795860] e1000e: Copyright(c) 1999 - 2015 Intel Corporation.
[    0.795860] sky2: driver version 1.30
[    0.797039] ehci-pci 0000:00:0b.0: EHCI Host Controller
[    0.797092] sr 2:0:0:0: Attached scsi CD-ROM sr0
[    0.797388] sr 2:0:0:0: Attached scsi generic sg1 type 5
[    0.797623] ehci-pci 0000:00:0b.0: new USB bus registered, assigned bus number 1
[    0.799114] ehci-pci 0000:00:0b.0: irq 19, io mem 0xf0805000
[    0.804906] ehci-pci 0000:00:0b.0: USB 2.0 started, EHCI 1.00
[    0.805186] usb usb1: New USB device found, idVendor=1d6b, idProduct=0002, bcdDevice= 6.12
[    0.805458] usb usb1: New USB device strings: Mfr=3, Product=2, SerialNumber=1
[    0.805703] usb usb1: Product: EHCI Host Controller
[    0.805893] usb usb1: Manufacturer: Linux 6.12.0-rc6-next-20241108-lil-pengu ehci_hcd
[    0.806154] usb usb1: SerialNumber: 0000:00:0b.0
[    0.806473] hub 1-0:1.0: USB hub found
[    0.806621] hub 1-0:1.0: 12 ports detected
[    0.806950] ohci-pci 0000:00:06.0: OHCI PCI host controller
[    0.807223] ohci-pci 0000:00:06.0: new USB bus registered, assigned bus number 2
[    0.807524] ohci-pci 0000:00:06.0: irq 22, io mem 0xf0804000
[    1.043050] usb usb2: New USB device found, idVendor=1d6b, idProduct=0001, bcdDevice= 6.12
[    1.043448] usb usb2: New USB device strings: Mfr=3, Product=2, SerialNumber=1
[    1.043748] usb usb2: Product: OHCI PCI host controller
[    1.043912] usb usb2: Manufacturer: Linux 6.12.0-rc6-next-20241108-lil-pengu ohci_hcd
[    1.043912] usb usb2: SerialNumber: 0000:00:06.0
[    1.044629] hub 2-0:1.0: USB hub found
[    1.044805] hub 2-0:1.0: 12 ports detected
[    1.045459] usbcore: registered new interface driver usblp
[    1.045751] usbcore: registered new interface driver usb-storage
[    1.045995] i8042: PNP: PS/2 Controller [PNP0303:PS2K,PNP0f03:PS2M] at 0x60,0x64 irq 1,12
[    1.046683] serio: i8042 KBD port at 0x60,0x64 irq 1
[    1.046852] serio: i8042 AUX port at 0x60,0x64 irq 12
[    1.049012] input: AT Translated Set 2 keyboard as /devices/platform/i8042/serio0/input/input3
[    1.049163] rtc_cmos rtc_cmos: registered as rtc0
[    1.049676] rtc_cmos rtc_cmos: alarms up to one day, 114 bytes nvram
[    1.049961] fail to initialize ptp_kvm
[    1.050076] device-mapper: ioctl: 4.48.0-ioctl (2023-03-01) initialised: dm-devel@lists.linux.dev
[    1.050670] intel_pstate: CPU model not supported
[    1.050915] hid: raw HID events driver (C) Jiri Kosina
[    1.051214] usbcore: registered new interface driver usbhid
[    1.051543] usbhid: USB HID core driver
[    1.053475] Initializing XFRM netlink socket
[    1.053723] NET: Registered PF_INET6 protocol family
[    1.054318] Segment Routing with IPv6
[    1.054581] In-situ OAM (IOAM) with IPv6
[    1.054789] sit: IPv6, IPv4 and MPLS over IPv4 tunneling driver
[    1.055156] NET: Registered PF_PACKET protocol family
[    1.055386] 9pnet: Installing 9P2000 support
[    1.055550] Key type dns_resolver registered
[    1.056221] IPI shorthand broadcast: enabled
[    1.056974] input: ImExPS/2 Generic Explorer Mouse as /devices/platform/i8042/serio1/input/input5
[    1.058102] sched_clock: Marking stable (1029059537, 28796248)->(1066729761, -8873976)
[    1.058585] registered taskstats version 1
[    1.058738] Loading compiled-in X.509 certificates
[    1.059975] Demotion targets for Node 0: null
[    1.060286] PM:   Magic number: 0:491:434
[    1.060494] printk: legacy console [netcon0] enabled
[    1.060677] netconsole: network logging started
[    1.060868] cfg80211: Loading compiled-in X.509 certificates for regulatory database
[    1.061227] kworker/u28:1 (93) used greatest stack depth: 13984 bytes left
[    1.061706] Loaded X.509 cert 'sforshee: 00b28ddf47aef9cea7'
[    1.062032] Loaded X.509 cert 'wens: 61c038651aabdcf94bd0ac7ff06c7248db18c600'
[    1.062293] platform regulatory.0: Direct firmware load for regulatory.db failed with error -2
[    1.062567] cfg80211: failed to load regulatory.db
[    1.062758] ALSA device list:
[    1.062890]   No soundcards found.
[    1.063043] md: Waiting for all devices to be available before autodetect
[    1.063242] md: If you don't use raid, use raid=noautodetect
[    1.063419] md: Autodetecting RAID arrays.
[    1.063566] md: autorun ...
[    1.063690] md: ... autorun DONE.
[    1.069316] EXT4-fs (sda2): mounted filesystem 44ca9502-5a40-4c9b-b5c6-5b1c5ed65449 ro with ordered data mode. Quota mode: none.
[    1.069717] VFS: Mounted root (ext4 filesystem) readonly on device 8:2.
[    1.071570] devtmpfs: mounted
[    1.073037] Freeing unused kernel image (initmem) memory: 2708K
[    1.073465] Write protecting the kernel read-only data: 26624k
[    1.074572] Freeing unused kernel image (rodata/data gap) memory: 1056K
[    1.118973] x86/mm: Checked W+X mappings: passed, no W+X pages found.
[    1.119178] x86/mm: Checking user space page tables
[    1.167804] x86/mm: Checked W+X mappings: passed, no W+X pages found.
[    1.168078] Run /sbin/init as init process
[    1.168310]   with arguments:
[    1.168311]     /sbin/init
[    1.168312]   with environment:
[    1.168313]     HOME=/
[    1.168313]     TERM=linux
[    1.168314]     BOOT_IMAGE=/vmlinuz-linux-next
[    1.244638] stty (102) used greatest stack depth: 12992 bytes left
[    1.388747] ip (203) used greatest stack depth: 12944 bytes left
[    1.441450] udevd[229]: Starting systemd-udevd version 256.4
[    1.452466] udevd[230]: Using default interface naming scheme 'v255'.
[    1.531674] e1000 0000:00:03.0 enp0s3: renamed from eth0
[   10.623670] Adding 2097148k swap on /dev/sda4.  Priority:1 extents:1 across:2097148k 
[   10.642935] EXT4-fs (sda2): re-mounted 44ca9502-5a40-4c9b-b5c6-5b1c5ed65449 ro. Quota mode: none.
[   10.694071] EXT4-fs (sda2): re-mounted 44ca9502-5a40-4c9b-b5c6-5b1c5ed65449 r/w. Quota mode: none.
[   10.714984] EXT4-fs (sda3): mounted filesystem 32d3bed2-41b2-4858-9b12-2b897212e8e0 r/w with ordered data mode. Quota mode: none.
[   11.722021] e1000: enp0s3 NIC Link is Up 1000 Mbps Full Duplex, Flow Control: RX
[   17.481920] (udev-worker) (245) used greatest stack depth: 12720 bytes left
[   58.480105] git (842) used greatest stack depth: 12656 bytes left
