[    0.000000] Linux version 6.12.0-rc6-lil-pengu-00078-g2c8918542a42-dirty (root@ybensell) (gcc (GCC) 14.2.0, GNU ld (GNU Binutils) 2.43.1) #2 SMP PREEMPT_DYNAMIC Thu Nov  7 15:28:49 UTC 2024
[    0.000000] Command line: BOOT_IMAGE=/vmlinuz-6.12-lil-pengu root=/dev/sda2 ro
[    0.000000] BIOS-provided physical RAM map:
[    0.000000] BIOS-e820: [mem 0x0000000000000000-0x000000000009fbff] usable
[    0.000000] BIOS-e820: [mem 0x000000000009fc00-0x000000000009ffff] reserved
[    0.000000] BIOS-e820: [mem 0x00000000000f0000-0x00000000000fffff] reserved
[    0.000000] BIOS-e820: [mem 0x0000000000100000-0x00000000dffeffff] usable
[    0.000000] BIOS-e820: [mem 0x00000000dfff0000-0x00000000dfffffff] ACPI data
[    0.000000] BIOS-e820: [mem 0x00000000fec00000-0x00000000fec00fff] reserved
[    0.000000] BIOS-e820: [mem 0x00000000fee00000-0x00000000fee00fff] reserved
[    0.000000] BIOS-e820: [mem 0x00000000fffc0000-0x00000000ffffffff] reserved
[    0.000000] BIOS-e820: [mem 0x0000000100000000-0x000000014f5fffff] usable
[    0.000000] NX (Execute Disable) protection: active
[    0.000000] APIC: Static calls initialized
[    0.000000] SMBIOS 2.5 present.
[    0.000000] DMI: innotek GmbH VirtualBox/VirtualBox, BIOS VirtualBox 12/01/2006
[    0.000000] DMI: Memory slots populated: 0/0
[    0.000000] Hypervisor detected: KVM
[    0.000000] kvm-clock: Using msrs 4b564d01 and 4b564d00
[    0.000001] kvm-clock: using sched offset of 14077228419 cycles
[    0.000003] clocksource: kvm-clock: mask: 0xffffffffffffffff max_cycles: 0x1cd42e4dffb, max_idle_ns: 881590591483 ns
[    0.000005] tsc: Detected 3311.998 MHz processor
[    0.000610] e820: update [mem 0x00000000-0x00000fff] usable ==> reserved
[    0.000613] e820: remove [mem 0x000a0000-0x000fffff] usable
[    0.000616] last_pfn = 0x14f600 max_arch_pfn = 0x400000000
[    0.000621] MTRRs disabled by BIOS
[    0.000623] x86/PAT: Configuration [0-7]: WB  WC  UC- UC  WB  WP  UC- WT  
[    0.000628] last_pfn = 0xe0000 max_arch_pfn = 0x400000000
[    0.000670] found SMP MP-table at [mem 0x0009fff0-0x0009ffff]
[    0.001053] ACPI: Early table checksum verification disabled
[    0.001056] ACPI: RSDP 0x00000000000E0000 000024 (v02 VBOX  )
[    0.001059] ACPI: XSDT 0x00000000DFFF0030 00003C (v01 VBOX   VBOXXSDT 00000001 ASL  00000061)
[    0.001063] ACPI: FACP 0x00000000DFFF00F0 0000F4 (v04 VBOX   VBOXFACP 00000001 ASL  00000061)
[    0.001067] ACPI: DSDT 0x00000000DFFF0490 002325 (v02 VBOX   VBOXBIOS 00000002 INTL 20120111)
[    0.001070] ACPI: FACS 0x00000000DFFF0200 000040
[    0.001072] ACPI: FACS 0x00000000DFFF0200 000040
[    0.001074] ACPI: APIC 0x00000000DFFF0240 00007C (v02 VBOX   VBOXAPIC 00000001 ASL  00000061)
[    0.001076] ACPI: SSDT 0x00000000DFFF02C0 0001CC (v01 VBOX   VBOXCPUT 00000002 INTL 20120111)
[    0.001078] ACPI: Reserving FACP table memory at [mem 0xdfff00f0-0xdfff01e3]
[    0.001079] ACPI: Reserving DSDT table memory at [mem 0xdfff0490-0xdfff27b4]
[    0.001080] ACPI: Reserving FACS table memory at [mem 0xdfff0200-0xdfff023f]
[    0.001080] ACPI: Reserving FACS table memory at [mem 0xdfff0200-0xdfff023f]
[    0.001080] ACPI: Reserving APIC table memory at [mem 0xdfff0240-0xdfff02bb]
[    0.001081] ACPI: Reserving SSDT table memory at [mem 0xdfff02c0-0xdfff048b]
[    0.001228] No NUMA configuration found
[    0.001229] Faking a node at [mem 0x0000000000000000-0x000000014f5fffff]
[    0.001231] NODE_DATA(0) allocated [mem 0x14f5f8940-0x14f5fbfff]
[    0.001240] Zone ranges:
[    0.001240]   DMA      [mem 0x0000000000001000-0x0000000000ffffff]
[    0.001242]   DMA32    [mem 0x0000000001000000-0x00000000ffffffff]
[    0.001243]   Normal   [mem 0x0000000100000000-0x000000014f5fffff]
[    0.001244] Movable zone start for each node
[    0.001244] Early memory node ranges
[    0.001244]   node   0: [mem 0x0000000000001000-0x000000000009efff]
[    0.001245]   node   0: [mem 0x0000000000100000-0x00000000dffeffff]
[    0.001246]   node   0: [mem 0x0000000100000000-0x000000014f5fffff]
[    0.001247] Initmem setup node 0 [mem 0x0000000000001000-0x000000014f5fffff]
[    0.001472] On node 0, zone DMA: 1 pages in unavailable ranges
[    0.001491] On node 0, zone DMA: 97 pages in unavailable ranges
[    0.016461] On node 0, zone Normal: 16 pages in unavailable ranges
[    0.016491] On node 0, zone Normal: 2560 pages in unavailable ranges
[    0.016895] ACPI: PM-Timer IO Port: 0x4008
[    0.016946] IOAPIC[0]: apic_id 6, version 32, address 0xfec00000, GSI 0-23
[    0.016948] ACPI: INT_SRC_OVR (bus 0 bus_irq 0 global_irq 2 dfl dfl)
[    0.016950] ACPI: INT_SRC_OVR (bus 0 bus_irq 9 global_irq 9 low level)
[    0.016954] ACPI: Using ACPI (MADT) for SMP configuration information
[    0.016958] CPU topo: Max. logical packages:   1
[    0.016959] CPU topo: Max. logical dies:       1
[    0.016959] CPU topo: Max. dies per package:   1
[    0.016962] CPU topo: Max. threads per core:   1
[    0.016963] CPU topo: Num. cores per package:     6
[    0.016963] CPU topo: Num. threads per package:   6
[    0.016963] CPU topo: Allowing 6 present CPUs plus 0 hotplug CPUs
[    0.016982] PM: hibernation: Registered nosave memory: [mem 0x00000000-0x00000fff]
[    0.016984] PM: hibernation: Registered nosave memory: [mem 0x0009f000-0x0009ffff]
[    0.016984] PM: hibernation: Registered nosave memory: [mem 0x000a0000-0x000effff]
[    0.016985] PM: hibernation: Registered nosave memory: [mem 0x000f0000-0x000fffff]
[    0.016985] PM: hibernation: Registered nosave memory: [mem 0xdfff0000-0xdfffffff]
[    0.016986] PM: hibernation: Registered nosave memory: [mem 0xe0000000-0xfebfffff]
[    0.016986] PM: hibernation: Registered nosave memory: [mem 0xfec00000-0xfec00fff]
[    0.016987] PM: hibernation: Registered nosave memory: [mem 0xfec01000-0xfedfffff]
[    0.016987] PM: hibernation: Registered nosave memory: [mem 0xfee00000-0xfee00fff]
[    0.016988] PM: hibernation: Registered nosave memory: [mem 0xfee01000-0xfffbffff]
[    0.016988] PM: hibernation: Registered nosave memory: [mem 0xfffc0000-0xffffffff]
[    0.016989] [mem 0xe0000000-0xfebfffff] available for PCI devices
[    0.016990] Booting paravirtualized kernel on KVM
[    0.016992] clocksource: refined-jiffies: mask: 0xffffffff max_cycles: 0xffffffff, max_idle_ns: 1910969940391419 ns
[    0.021502] setup_percpu: NR_CPUS:64 nr_cpumask_bits:6 nr_cpu_ids:6 nr_node_ids:1
[    0.021850] percpu: Embedded 56 pages/cpu s191832 r8192 d29352 u262144
[    0.021854] pcpu-alloc: s191832 r8192 d29352 u262144 alloc=1*2097152
[    0.021855] pcpu-alloc: [0] 0 1 2 3 4 5 - - 
[    0.021871] Kernel command line: BOOT_IMAGE=/vmlinuz-6.12-lil-pengu root=/dev/sda2 ro
[    0.021890] Unknown kernel command line parameters "BOOT_IMAGE=/vmlinuz-6.12-lil-pengu", will be passed to user space.
[    0.021906] random: crng init done
[    0.023133] Dentry cache hash table entries: 1048576 (order: 11, 8388608 bytes, linear)
[    0.023761] Inode-cache hash table entries: 524288 (order: 10, 4194304 bytes, linear)
[    0.023858] Fallback order for Node 0: 0 
[    0.023862] Built 1 zonelists, mobility grouping on.  Total pages: 1242510
[    0.023863] Policy zone: Normal
[    0.023865] mem auto-init: stack:all(zero), heap alloc:off, heap free:off
[    0.023871] software IO TLB: area num 8.
[    0.049172] SLUB: HWalign=64, Order=0-3, MinObjects=0, CPUs=6, Nodes=1
[    0.049184] Kernel/User page tables isolation: enabled
[    0.049999] Dynamic Preempt: voluntary
[    0.050210] rcu: Preemptible hierarchical RCU implementation.
[    0.050210] rcu: 	RCU event tracing is enabled.
[    0.050211] rcu: 	RCU restricting CPUs from NR_CPUS=64 to nr_cpu_ids=6.
[    0.050212] 	Trampoline variant of Tasks RCU enabled.
[    0.050213] rcu: RCU calculated value of scheduler-enlistment delay is 100 jiffies.
[    0.050213] rcu: Adjusting geometry for rcu_fanout_leaf=16, nr_cpu_ids=6
[    0.050218] RCU Tasks: Setting shift to 3 and lim to 1 rcu_task_cb_adjust=1 rcu_task_cpu_ids=6.
[    0.051291] NR_IRQS: 4352, nr_irqs: 472, preallocated irqs: 16
[    0.051455] rcu: srcu_init: Setting srcu_struct sizes based on contention.
[    0.055611] Console: colour VGA+ 80x25
[    0.055614] printk: legacy console [tty0] enabled
[    0.078860] ACPI: Core revision 20240827
[    0.079111] APIC: Switch to symmetric I/O mode setup
[    0.080101] ..TIMER: vector=0x30 apic1=0 pin1=2 apic2=-1 pin2=-1
[    0.080296] clocksource: tsc-early: mask: 0xffffffffffffffff max_cycles: 0x2fbd924e8de, max_idle_ns: 440795321919 ns
[    0.080599] Calibrating delay loop (skipped) preset value.. 6623.99 BogoMIPS (lpj=3311998)
[    0.080957] Last level iTLB entries: 4KB 64, 2MB 8, 4MB 8
[    0.081124] Last level dTLB entries: 4KB 64, 2MB 0, 4MB 0, 1GB 4
[    0.081305] Spectre V1 : Mitigation: usercopy/swapgs barriers and __user pointer sanitization
[    0.081564] Spectre V2 : Mitigation: Retpolines
[    0.081594] Spectre V2 : Spectre v2 / SpectreRSB mitigation: Filling RSB on context switch
[    0.081594] Spectre V2 : Spectre v2 / SpectreRSB : Filling RSB on VMEXIT
[    0.081594] RETBleed: WARNING: Spectre v2 mitigation leaves CPU vulnerable to RETBleed attacks, data leaks possible!
[    0.081594] RETBleed: Vulnerable
[    0.081594] Speculative Store Bypass: Vulnerable
[    0.081594] MDS: Mitigation: Clear CPU buffers
[    0.081594] MMIO Stale Data: Mitigation: Clear CPU buffers
[    0.081594] SRBDS: Unknown: Dependent on hypervisor status
[    0.081594] GDS: Unknown: Dependent on hypervisor status
[    0.081594] x86/fpu: Supporting XSAVE feature 0x001: 'x87 floating point registers'
[    0.081594] x86/fpu: Supporting XSAVE feature 0x002: 'SSE registers'
[    0.081594] x86/fpu: Supporting XSAVE feature 0x004: 'AVX registers'
[    0.081594] x86/fpu: xstate_offset[2]:  576, xstate_sizes[2]:  256
[    0.081594] x86/fpu: Enabled xstate features 0x7, context size is 832 bytes, using 'standard' format.
[    0.100160] Freeing SMP alternatives memory: 48K
[    0.100600] pid_max: default: 32768 minimum: 301
[    0.100768] LSM: initializing lsm=capability,selinux
[    0.100940] SELinux:  Initializing.
[    0.101182] Mount-cache hash table entries: 16384 (order: 5, 131072 bytes, linear)
[    0.101433] Mountpoint-cache hash table entries: 16384 (order: 5, 131072 bytes, linear)
[    0.204759] smpboot: CPU0: Intel(R) Core(TM) i5-10600 CPU @ 3.30GHz (family: 0x6, model: 0xa5, stepping: 0x3)
[    0.205187] Performance Events: unsupported p6 CPU model 165 no PMU driver, software events only.
[    0.205481] signal: max sigframe size: 1776
[    0.205594] rcu: Hierarchical SRCU implementation.
[    0.205596] rcu: 	Max phase no-delay instances is 400.
[    0.205783] Timer migration: 1 hierarchy levels; 8 children per group; 1 crossnode level
[    0.206141] smp: Bringing up secondary CPUs ...
[    0.206339] smpboot: x86: Booting SMP configuration:
[    0.206501] .... node  #0, CPUs:      #1 #2 #3 #4 #5
[    0.213730] smp: Brought up 1 node, 6 CPUs
[    0.214745] smpboot: Total of 6 processors activated (39743.97 BogoMIPS)
[    0.215627] Memory: 4767572K/4970040K available (18432K kernel code, 2843K rwdata, 7092K rodata, 2700K init, 1024K bss, 197448K reserved, 0K cma-reserved)
[    0.218605] devtmpfs: initialized
[    0.219774] clocksource: jiffies: mask: 0xffffffff max_cycles: 0xffffffff, max_idle_ns: 1911260446275000 ns
[    0.219942] futex hash table entries: 2048 (order: 5, 131072 bytes, linear)
[    0.220597] PM: RTC time: 15:51:26, date: 2024-11-07
[    0.220885] NET: Registered PF_NETLINK/PF_ROUTE protocol family
[    0.221135] audit: initializing netlink subsys (disabled)
[    0.221329] audit: type=2000 audit(1730994703.796:1): state=initialized audit_enabled=0 res=1
[    0.221329] thermal_sys: Registered thermal governor 'step_wise'
[    0.221596] thermal_sys: Registered thermal governor 'user_space'
[    0.221790] cpuidle: using governor menu
[    0.222205] PCI: Using configuration type 1 for base access
[    0.222646] kprobes: kprobe jump-optimization is enabled. All kprobes are optimized if possible.
[    0.225805] HugeTLB: registered 2.00 MiB page size, pre-allocated 0 pages
[    0.226596] HugeTLB: 28 KiB vmemmap can be freed for a 2.00 MiB page
[    0.226852] ACPI: Added _OSI(Module Device)
[    0.226852] ACPI: Added _OSI(Processor Device)
[    0.226944] ACPI: Added _OSI(3.0 _SCP Extensions)
[    0.227101] ACPI: Added _OSI(Processor Aggregator Device)
[    0.228219] ACPI: 2 ACPI AML tables successfully acquired and loaded
[    0.229908] ACPI: Interpreter enabled
[    0.230077] ACPI: PM: (supports S0 S5)
[    0.230216] ACPI: Using IOAPIC for interrupt routing
[    0.230457] PCI: Using host bridge windows from ACPI; if necessary, use "pci=nocrs" and report a bug
[    0.230596] PCI: Using E820 reservations for host bridge windows
[    0.230843] ACPI: Enabled 2 GPEs in block 00 to 07
[    0.234266] ACPI: PCI Root Bridge [PCI0] (domain 0000 [bus 00-ff])
[    0.234599] acpi PNP0A03:00: _OSC: OS supports [ASPM ClockPM Segments MSI HPX-Type3]
[    0.234866] acpi PNP0A03:00: _OSC: not requesting OS control; OS requires [ExtendedConfig ASPM ClockPM MSI]
[    0.235311] acpi PNP0A03:00: fail to add MMCONFIG information, can't access extended configuration space under this bridge
[    0.235676] PCI host bridge to bus 0000:00
[    0.235839] pci_bus 0000:00: root bus resource [io  0x0000-0x0cf7 window]
[    0.236038] pci_bus 0000:00: root bus resource [io  0x0d00-0xffff window]
[    0.236234] pci_bus 0000:00: root bus resource [mem 0x000a0000-0x000bffff window]
[    0.236596] pci_bus 0000:00: root bus resource [mem 0xe0000000-0xfdffffff window]
[    0.236871] pci_bus 0000:00: root bus resource [bus 00-ff]
[    0.237195] pci 0000:00:00.0: [8086:1237] type 00 class 0x060000 conventional PCI endpoint
[    0.238037] pci 0000:00:01.0: [8086:7000] type 00 class 0x060100 conventional PCI endpoint
[    0.238964] pci 0000:00:01.1: [8086:7111] type 00 class 0x01018a conventional PCI endpoint
[    0.239532] pci 0000:00:01.1: BAR 4 [io  0xd000-0xd00f]
[    0.239745] pci 0000:00:01.1: BAR 0 [io  0x01f0-0x01f7]: legacy IDE quirk
[    0.239957] pci 0000:00:01.1: BAR 1 [io  0x03f6]: legacy IDE quirk
[    0.240144] pci 0000:00:01.1: BAR 2 [io  0x0170-0x0177]: legacy IDE quirk
[    0.240340] pci 0000:00:01.1: BAR 3 [io  0x0376]: legacy IDE quirk
[    0.240753] pci 0000:00:02.0: [15ad:0405] type 00 class 0x030000 conventional PCI endpoint
[    0.242803] pci 0000:00:02.0: BAR 0 [io  0xd010-0xd01f]
[    0.246678] pci 0000:00:02.0: BAR 1 [mem 0xe0000000-0xe0ffffff pref]
[    0.251645] pci 0000:00:02.0: BAR 2 [mem 0xf0000000-0xf01fffff]
[    0.261711] pci 0000:00:02.0: Video device with shadowed ROM at [mem 0x000c0000-0x000dffff]
[    0.262877] pci 0000:00:03.0: [8086:100e] type 00 class 0x020000 conventional PCI endpoint
[    0.264626] pci 0000:00:03.0: BAR 0 [mem 0xf0200000-0xf021ffff]
[    0.269791] pci 0000:00:03.0: BAR 2 [io  0xd020-0xd027]
[    0.280123] pci 0000:00:04.0: [80ee:cafe] type 00 class 0x088000 conventional PCI endpoint
[    0.282715] pci 0000:00:04.0: BAR 0 [io  0xd040-0xd05f]
[    0.285640] pci 0000:00:04.0: BAR 1 [mem 0xf0400000-0xf07fffff]
[    0.288606] pci 0000:00:04.0: BAR 2 [mem 0xf0800000-0xf0803fff pref]
[    0.299745] pci 0000:00:05.0: [8086:2415] type 00 class 0x040100 conventional PCI endpoint
[    0.300141] pci 0000:00:05.0: BAR 0 [io  0xd100-0xd1ff]
[    0.300367] pci 0000:00:05.0: BAR 1 [io  0xd200-0xd23f]
[    0.301076] pci 0000:00:06.0: [106b:003f] type 00 class 0x0c0310 conventional PCI endpoint
[    0.302678] pci 0000:00:06.0: BAR 0 [mem 0xf0804000-0xf0804fff]
[    0.321839] pci 0000:00:07.0: [8086:7113] type 00 class 0x068000 conventional PCI endpoint
[    0.323038] pci 0000:00:07.0: quirk: [io  0x4000-0x403f] claimed by PIIX4 ACPI
[    0.323426] pci 0000:00:07.0: quirk: [io  0x4100-0x410f] claimed by PIIX4 SMB
[    0.323938] pci 0000:00:0b.0: [8086:265c] type 00 class 0x0c0320 conventional PCI endpoint
[    0.326714] pci 0000:00:0b.0: BAR 0 [mem 0xf0805000-0xf0805fff]
[    0.342944] pci 0000:00:0d.0: [8086:2829] type 00 class 0x010601 conventional PCI endpoint
[    0.345597] pci 0000:00:0d.0: BAR 0 [io  0xd240-0xd247]
[    0.348658] pci 0000:00:0d.0: BAR 1 [io  0xd248-0xd24b]
[    0.350633] pci 0000:00:0d.0: BAR 2 [io  0xd250-0xd257]
[    0.352667] pci 0000:00:0d.0: BAR 3 [io  0xd258-0xd25b]
[    0.356636] pci 0000:00:0d.0: BAR 4 [io  0xd260-0xd26f]
[    0.358634] pci 0000:00:0d.0: BAR 5 [mem 0xf0806000-0xf0807fff]
[    0.363854] ACPI: PCI: Interrupt link LNKA configured for IRQ 11
[    0.364198] ACPI: PCI: Interrupt link LNKB configured for IRQ 10
[    0.364490] ACPI: PCI: Interrupt link LNKC configured for IRQ 9
[    0.364655] ACPI: PCI: Interrupt link LNKD configured for IRQ 11
[    0.365030] iommu: Default domain type: Translated
[    0.365192] iommu: DMA domain TLB invalidation policy: lazy mode
[    0.365706] SCSI subsystem initialized
[    0.366073] libata version 3.00 loaded.
[    0.366618] ACPI: bus type USB registered
[    0.366816] usbcore: registered new interface driver usbfs
[    0.367019] usbcore: registered new interface driver hub
[    0.367253] usbcore: registered new device driver usb
[    0.367447] pps_core: LinuxPPS API ver. 1 registered
[    0.367596] pps_core: Software ver. 5.3.6 - Copyright 2005-2007 Rodolfo Giometti <giometti@linux.it>
[    0.367915] PTP clock support registered
[    0.368145] Advanced Linux Sound Architecture Driver Initialized.
[    0.368728] NetLabel: Initializing
[    0.368924] NetLabel:  domain hash size = 128
[    0.369088] NetLabel:  protocols = UNLABELED CIPSOv4 CALIPSO
[    0.369289] NetLabel:  unlabeled traffic allowed by default
[    0.369641] PCI: Using ACPI for IRQ routing
[    0.369813] PCI: pci_cache_line_size set to 64 bytes
[    0.370006] e820: reserve RAM buffer [mem 0x0009fc00-0x0009ffff]
[    0.370010] e820: reserve RAM buffer [mem 0xdfff0000-0xdfffffff]
[    0.370011] e820: reserve RAM buffer [mem 0x14f600000-0x14fffffff]
[    0.370029] pci 0000:00:02.0: vgaarb: setting as boot VGA device
[    0.370029] pci 0000:00:02.0: vgaarb: bridge control possible
[    0.370043] pci 0000:00:02.0: vgaarb: VGA device added: decodes=io+mem,owns=io+mem,locks=none
[    0.370607] vgaarb: loaded
[    0.371932] clocksource: Switched to clocksource kvm-clock
[    0.372223] VFS: Disk quotas dquot_6.6.0
[    0.372406] VFS: Dquot-cache hash table entries: 512 (order 0, 4096 bytes)
[    0.372505] pnp: PnP ACPI init
[    0.373425] pnp: PnP ACPI: found 2 devices
[    0.386028] clocksource: acpi_pm: mask: 0xffffff max_cycles: 0xffffff, max_idle_ns: 2085701024 ns
[    0.386656] NET: Registered PF_INET protocol family
[    0.386904] IP idents hash table entries: 131072 (order: 8, 1048576 bytes, linear)
[    0.388191] tcp_listen_portaddr_hash hash table entries: 4096 (order: 4, 65536 bytes, linear)
[    0.388536] Table-perturb hash table entries: 65536 (order: 6, 262144 bytes, linear)
[    0.388883] TCP established hash table entries: 65536 (order: 7, 524288 bytes, linear)
[    0.389602] TCP bind hash table entries: 65536 (order: 9, 2097152 bytes, linear)
[    0.390509] TCP: Hash tables configured (established 65536 bind 65536)
[    0.390734] UDP hash table entries: 4096 (order: 5, 131072 bytes, linear)
[    0.390944] UDP-Lite hash table entries: 4096 (order: 5, 131072 bytes, linear)
[    0.391219] NET: Registered PF_UNIX/PF_LOCAL protocol family
[    0.391896] RPC: Registered named UNIX socket transport module.
[    0.392099] RPC: Registered udp transport module.
[    0.392255] RPC: Registered tcp transport module.
[    0.392489] RPC: Registered tcp-with-tls transport module.
[    0.392704] RPC: Registered tcp NFSv4.1 backchannel transport module.
[    0.393565] pci_bus 0000:00: resource 4 [io  0x0000-0x0cf7 window]
[    0.393859] pci_bus 0000:00: resource 5 [io  0x0d00-0xffff window]
[    0.394103] pci_bus 0000:00: resource 6 [mem 0x000a0000-0x000bffff window]
[    0.394315] pci_bus 0000:00: resource 7 [mem 0xe0000000-0xfdffffff window]
[    0.394572] pci 0000:00:00.0: Limiting direct PCI/PCI transfers
[    0.396032] PCI: CLS 0 bytes, default 64
[    0.396195] PCI-DMA: Using software bounce buffering for IO (SWIOTLB)
[    0.396381] software IO TLB: mapped [mem 0x00000000dbff0000-0x00000000dfff0000] (64MB)
[    0.397178] RAPL PMU: API unit is 2^-32 Joules, 0 fixed counters, 10737418240 ms ovfl timer
[    0.397465] clocksource: tsc: mask: 0xffffffffffffffff max_cycles: 0x2fbd924e8de, max_idle_ns: 440795321919 ns
[    0.397858] clocksource: Switched to clocksource tsc
[    0.398074] platform rtc_cmos: registered platform RTC device (no PNP device found)
[    0.400635] Initialise system trusted keyrings
[    0.400892] workingset: timestamp_bits=56 max_order=21 bucket_order=0
[    0.401267] NFS: Registering the id_resolver key type
[    0.401432] Key type id_resolver registered
[    0.401576] Key type id_legacy registered
[    0.401777] 9p: Installing v9fs 9p2000 file system support
[    0.412228] Key type asymmetric registered
[    0.412382] Asymmetric key parser 'x509' registered
[    0.412562] Block layer SCSI generic (bsg) driver version 0.4 loaded (major 251)
[    0.412809] io scheduler mq-deadline registered
[    0.412958] io scheduler kyber registered
[    0.415918] ACPI: AC: AC Adapter [AC] (on-line)
[    0.416402] input: Power Button as /devices/LNXSYSTM:00/LNXPWRBN:00/input/input0
[    0.416706] ACPI: button: Power Button [PWRF]
[    0.416921] input: Sleep Button as /devices/LNXSYSTM:00/LNXSLPBN:00/input/input1
[    0.417250] ACPI: button: Sleep Button [SLPF]
[    0.417437] ACPI: video: Video Device [GFX0] (multi-head: yes  rom: no  post: no)
[    0.417716] input: Video Bus as /devices/LNXSYSTM:00/LNXSYBUS:00/PNP0A03:00/LNXVIDEO:00/input/input2
[    0.418559] Serial: 8250/16550 driver, 4 ports, IRQ sharing enabled
[    0.419283] Non-volatile memory driver v1.3
[    0.419435] Linux agpgart interface v0.103
[    0.419639] ACPI: bus type drm_connector registered
[    0.421586] loop: module loaded
[    0.421769] ahci 0000:00:0d.0: version 3.0
[    0.422100] ahci 0000:00:0d.0: SSS flag set, parallel bus scan disabled
[    0.422418] ahci 0000:00:0d.0: AHCI vers 0001.0100, 32 command slots, 3 Gbps, SATA mode
[    0.422677] ahci 0000:00:0d.0: 1/1 ports implemented (port mask 0x1)
[    0.422865] ahci 0000:00:0d.0: flags: 64bit ncq stag only ccc 
[    0.423352] scsi host0: ahci
[    0.423502] ata1: SATA max UDMA/133 abar m8192@0xf0806000 port 0xf0806100 irq 21 lpm-pol 0
[    0.423777] ata_piix 0000:00:01.1: version 2.13
[    0.424105] scsi host1: ata_piix
[    0.424373] scsi host2: ata_piix
[    0.424519] ata2: PATA max UDMA/33 cmd 0x1f0 ctl 0x3f6 bmdma 0xd000 irq 14 lpm-pol 0
[    0.424774] ata3: PATA max UDMA/33 cmd 0x170 ctl 0x376 bmdma 0xd008 irq 15 lpm-pol 0
[    0.425160] e100: Intel(R) PRO/100 Network Driver
[    0.425370] e100: Copyright(c) 1999-2006 Intel Corporation
[    0.425563] e1000: Intel(R) PRO/1000 Network Driver
[    0.425756] e1000: Copyright (c) 1999-2006 Intel Corporation.
[    0.595838] ata3.00: ATAPI: VBOX CD-ROM, 1.0, max UDMA/133
[    0.737074] ata1: SATA link up 3.0 Gbps (SStatus 123 SControl 300)
[    0.737442] ata1.00: ATA-6: VBOX HARDDISK, 1.0, max UDMA/133
[    0.737663] ata1.00: 251887616 sectors, multi 128: LBA48 NCQ (depth 32)
[    0.738034] ata1.00: configured for UDMA/133
[    0.739093] scsi 0:0:0:0: Direct-Access     ATA      VBOX HARDDISK    1.0  PQ: 0 ANSI: 5
[    0.739546] scsi 0:0:0:0: Attached scsi generic sg0 type 0
[    0.739808] sd 0:0:0:0: [sda] 251887616 512-byte logical blocks: (129 GB/120 GiB)
[    0.740129] sd 0:0:0:0: [sda] Write Protect is off
[    0.740319] sd 0:0:0:0: [sda] Mode Sense: 00 3a 00 00
[    0.740343] sd 0:0:0:0: [sda] Write cache: enabled, read cache: enabled, doesn't support DPO or FUA
[    0.740840] scsi 2:0:0:0: CD-ROM            VBOX     CD-ROM           1.0  PQ: 0 ANSI: 5
[    0.740931] sd 0:0:0:0: [sda] Preferred minimum I/O size 512 bytes
[    0.758614]  sda: sda1 sda2 sda3 sda4
[    0.759116] sr 2:0:0:0: [sr0] scsi3-mmc drive: 32x/32x xa/form2 tray
[    0.759522] cdrom: Uniform CD-ROM driver Revision: 3.20
[    0.759642] sd 0:0:0:0: [sda] Attached SCSI disk
[    0.770595] sr 2:0:0:0: Attached scsi CD-ROM sr0
[    0.770763] sr 2:0:0:0: Attached scsi generic sg1 type 5
[    1.061286] e1000 0000:00:03.0 eth0: (PCI:33MHz:32-bit) 08:00:27:3d:21:8b
[    1.061498] e1000 0000:00:03.0 eth0: Intel(R) PRO/1000 Network Connection
[    1.061706] e1000e: Intel(R) PRO/1000 Network Driver
[    1.061926] e1000e: Copyright(c) 1999 - 2015 Intel Corporation.
[    1.062111] sky2: driver version 1.30
[    1.062899] ehci-pci 0000:00:0b.0: EHCI Host Controller
[    1.063193] ehci-pci 0000:00:0b.0: new USB bus registered, assigned bus number 1
[    1.064624] ehci-pci 0000:00:0b.0: irq 19, io mem 0xf0805000
[    1.076073] ehci-pci 0000:00:0b.0: USB 2.0 started, EHCI 1.00
[    1.076401] usb usb1: New USB device found, idVendor=1d6b, idProduct=0002, bcdDevice= 6.12
[    1.076692] usb usb1: New USB device strings: Mfr=3, Product=2, SerialNumber=1
[    1.076958] usb usb1: Product: EHCI Host Controller
[    1.077066] usb usb1: Manufacturer: Linux 6.12.0-rc6-lil-pengu-00078-g2c8918542a42-dirty ehci_hcd
[    1.077066] usb usb1: SerialNumber: 0000:00:0b.0
[    1.077944] hub 1-0:1.0: USB hub found
[    1.078163] hub 1-0:1.0: 12 ports detected
[    1.078531] ohci-pci 0000:00:06.0: OHCI PCI host controller
[    1.078906] ohci-pci 0000:00:06.0: new USB bus registered, assigned bus number 2
[    1.079256] ohci-pci 0000:00:06.0: irq 22, io mem 0xf0804000
[    1.201305] usb usb2: New USB device found, idVendor=1d6b, idProduct=0001, bcdDevice= 6.12
[    1.201605] usb usb2: New USB device strings: Mfr=3, Product=2, SerialNumber=1
[    1.201869] usb usb2: Product: OHCI PCI host controller
[    1.202051] usb usb2: Manufacturer: Linux 6.12.0-rc6-lil-pengu-00078-g2c8918542a42-dirty ohci_hcd
[    1.202200] usb usb2: SerialNumber: 0000:00:06.0
[    1.202698] hub 2-0:1.0: USB hub found
[    1.202865] hub 2-0:1.0: 12 ports detected
[    1.203457] usbcore: registered new interface driver usblp
[    1.203656] usbcore: registered new interface driver usb-storage
[    1.203880] i8042: PNP: PS/2 Controller [PNP0303:PS2K,PNP0f03:PS2M] at 0x60,0x64 irq 1,12
[    1.204603] serio: i8042 KBD port at 0x60,0x64 irq 1
[    1.204766] serio: i8042 AUX port at 0x60,0x64 irq 12
[    1.205645] rtc_cmos rtc_cmos: registered as rtc0
[    1.205835] input: AT Translated Set 2 keyboard as /devices/platform/i8042/serio0/input/input3
[    1.206226] rtc_cmos rtc_cmos: alarms up to one day, 114 bytes nvram
[    1.206441] fail to initialize ptp_kvm
[    1.206544] device-mapper: ioctl: 4.48.0-ioctl (2023-03-01) initialised: dm-devel@lists.linux.dev
[    1.206954] intel_pstate: CPU model not supported
[    1.207132] hid: raw HID events driver (C) Jiri Kosina
[    1.207353] usbcore: registered new interface driver usbhid
[    1.207523] usbhid: USB HID core driver
[    1.208956] Initializing XFRM netlink socket
[    1.209136] NET: Registered PF_INET6 protocol family
[    1.210462] Segment Routing with IPv6
[    1.210637] In-situ OAM (IOAM) with IPv6
[    1.210796] sit: IPv6, IPv4 and MPLS over IPv4 tunneling driver
[    1.211075] NET: Registered PF_PACKET protocol family
[    1.211251] 9pnet: Installing 9P2000 support
[    1.211406] Key type dns_resolver registered
[    1.212051] IPI shorthand broadcast: enabled
[    1.213740] sched_clock: Marking stable (1184052980, 28975092)->(1226814599, -13786527)
[    1.214353] registered taskstats version 1
[    1.214498] Loading compiled-in X.509 certificates
[    1.215475] Demotion targets for Node 0: null
[    1.215676] PM:   Magic number: 0:487:891
[    1.215836] event_source msr: hash matches
[    1.215996] printk: legacy console [netcon0] enabled
[    1.216200] netconsole: network logging started
[    1.216411] cfg80211: Loading compiled-in X.509 certificates for regulatory database
[    1.216782] kworker/u25:0 (91) used greatest stack depth: 15032 bytes left
[    1.217148] kworker/u25:0 (92) used greatest stack depth: 14424 bytes left
[    1.217391] Loaded X.509 cert 'sforshee: 00b28ddf47aef9cea7'
[    1.217711] Loaded X.509 cert 'wens: 61c038651aabdcf94bd0ac7ff06c7248db18c600'
[    1.217982] ALSA device list:
[    1.218211] platform regulatory.0: Direct firmware load for regulatory.db failed with error -2
[    1.218243]   No soundcards found.
[    1.218534] cfg80211: failed to load regulatory.db
[    1.220611] input: ImExPS/2 Generic Explorer Mouse as /devices/platform/i8042/serio1/input/input5
[    1.221168] md: Waiting for all devices to be available before autodetect
[    1.221382] md: If you don't use raid, use raid=noautodetect
[    1.221558] md: Autodetecting RAID arrays.
[    1.221701] md: autorun ...
[    1.221820] md: ... autorun DONE.
[    1.227524] EXT4-fs (sda2): mounted filesystem 44ca9502-5a40-4c9b-b5c6-5b1c5ed65449 ro with ordered data mode. Quota mode: none.
[    1.227903] VFS: Mounted root (ext4 filesystem) readonly on device 8:2.
[    1.229617] devtmpfs: mounted
[    1.230467] Freeing unused kernel image (initmem) memory: 2700K
[    1.230721] Write protecting the kernel read-only data: 26624k
[    1.231341] Freeing unused kernel image (rodata/data gap) memory: 1100K
[    1.269476] x86/mm: Checked W+X mappings: passed, no W+X pages found.
[    1.269679] x86/mm: Checking user space page tables
[    1.305672] x86/mm: Checked W+X mappings: passed, no W+X pages found.
[    1.305875] Run /sbin/init as init process
[    1.306019]   with arguments:
[    1.306019]     /sbin/init
[    1.306020]   with environment:
[    1.306020]     HOME=/
[    1.306021]     TERM=linux
[    1.306021]     BOOT_IMAGE=/vmlinuz-6.12-lil-pengu
[    1.359334] stty (100) used greatest stack depth: 13000 bytes left
[    1.367018] dmesg (101) used greatest stack depth: 12952 bytes left
[    1.449855] grep (189) used greatest stack depth: 12728 bytes left
[    1.475367] ip (202) used greatest stack depth: 12600 bytes left
[    1.516835] udevd[227]: Starting systemd-udevd version 256.4
[    1.527443] udevd[228]: Using default interface naming scheme 'v255'.
[    1.577402] e1000 0000:00:03.0 enp0s3: renamed from eth0
[    5.090858] Adding 2097148k swap on /dev/sda4.  Priority:1 extents:1 across:2097148k 
[    5.121089] EXT4-fs (sda2): re-mounted 44ca9502-5a40-4c9b-b5c6-5b1c5ed65449 ro. Quota mode: none.
[    5.168549] EXT4-fs (sda2): re-mounted 44ca9502-5a40-4c9b-b5c6-5b1c5ed65449 r/w. Quota mode: none.
[    5.182565] EXT4-fs (sda3): mounted filesystem 32d3bed2-41b2-4858-9b12-2b897212e8e0 r/w with ordered data mode. Quota mode: none.
[    6.336483] e1000: enp0s3 NIC Link is Up 1000 Mbps Full Duplex, Flow Control: RX
[   17.132468] clocksource: Long readout interval, skipping watchdog check: cs_nsec: 1032723248 wd_nsec: 1032722565
